******************************************************************************
                  TI ARM Linker PC v16.9.6                     
******************************************************************************
>> Linked Mon Jun 18 12:41:03 2018

OUTPUT FILE NAME:   <simple_peripheral_cc2650lp_app.out>
ENTRY POINT SYMBOL: "ResetISR"  address: 000093b9


MEMORY CONFIGURATION

         name            origin    length      used     unused   attr    fill
----------------------  --------  ---------  --------  --------  ----  --------
  FLASH                 00000000   0000f000  0000c5e2  00002a1e  R  X
  FLASH_LAST_PAGE       0001f000   00001000  00000058  00000fa8  R  X
  SRAM                  20000000   00004348  00003d44  00000604  RW X


SEGMENT ALLOCATION MAP

run origin  load origin   length   init length attrs members
----------  ----------- ---------- ----------- ----- -------
00000000    00000000    0000003c   0000003c    r--
  00000000    00000000    0000003c   0000003c    r-- .resetVecs
00000100    00000100    0000c5b8   0000c5b8    r-x
  00000100    00000100    0000003c   0000003c    r-- .const:ti_sysbios_knl_Task_Object__PARAMS__C
  0000013c    0000013c    00000034   00000034    r-- .const:ti_sysbios_knl_Mailbox_Object__PARAMS__C
  00000170    00000170    00000030   00000030    r-- .const:ti_sysbios_family_arm_m3_Hwi_Object__PARAMS__C
  000001a0    000001a0    0000002c   0000002c    r-- .const:ti_sysbios_hal_Hwi_Object__PARAMS__C
  000001cc    000001cc    00000028   00000028    r-- .const:ti_sysbios_heaps_HeapMem_Module__FXNS__C
  000001f4    000001f4    00000028   00000028    r-- .const:ti_sysbios_knl_Swi_Object__PARAMS__C
  0000021c    0000021c    00000024   00000024    r-- .const:ti_sysbios_gates_GateHwi_Module__FXNS__C
  00000240    00000240    00000024   00000024    r-- .const:ti_sysbios_gates_GateMutex_Module__FXNS__C
  00000264    00000264    00000024   00000024    r-- .const:ti_sysbios_heaps_HeapMem_Object__PARAMS__C
  00000288    00000288    00000024   00000024    r-- .const:ti_sysbios_knl_Clock_Object__PARAMS__C
  000002ac    000002ac    00000024   00000024    r-- .const:ti_sysbios_knl_Semaphore_Object__PARAMS__C
  000002d0    000002d0    00000020   00000020    r-- .const:ti_sysbios_family_arm_m3_Hwi_Object__DESC__C
  000002f0    000002f0    00000020   00000020    r-- .const:ti_sysbios_gates_GateHwi_Object__DESC__C
  00000310    00000310    00000020   00000020    r-- .const:ti_sysbios_gates_GateMutex_Object__DESC__C
  00000330    00000330    00000020   00000020    r-- .const:ti_sysbios_hal_Hwi_Object__DESC__C
  00000350    00000350    00000020   00000020    r-- .const:ti_sysbios_heaps_HeapMem_Object__DESC__C
  00000370    00000370    00000020   00000020    r-- .const:ti_sysbios_knl_Clock_Object__DESC__C
  00000390    00000390    00000020   00000020    r-- .const:ti_sysbios_knl_Mailbox_Object__DESC__C
  000003b0    000003b0    00000020   00000020    r-- .const:ti_sysbios_knl_Queue_Object__DESC__C
  000003d0    000003d0    00000020   00000020    r-- .const:ti_sysbios_knl_Semaphore_Object__DESC__C
  000003f0    000003f0    00000020   00000020    r-- .const:ti_sysbios_knl_Swi_Object__DESC__C
  00000410    00000410    00000020   00000020    r-- .const:ti_sysbios_knl_Task_Object__DESC__C
  00000430    00000430    00000018   00000018    r-- .const:ti_sysbios_gates_GateHwi_Object__PARAMS__C
  00000448    00000448    00000018   00000018    r-- .const:ti_sysbios_gates_GateMutex_Object__PARAMS__C
  00000460    00000460    00000018   00000018    r-- .const:ti_sysbios_knl_Queue_Object__PARAMS__C
  00000478    00000478    00000008   00000008    r-- .const:ti_sysbios_knl_Idle_funcList__C
  00000484    00000484    00000004   00000004    r-- .const:ti_sysbios_family_arm_cc26xx_Timer_startupNeeded__C
  00000488    00000488    00000004   00000004    r-- .const:ti_sysbios_family_arm_m3_Hwi_E_alreadyDefined__C
  0000048c    0000048c    00000004   00000004    r-- .const:ti_sysbios_family_arm_m3_Hwi_E_hwiLimitExceeded__C
  00000490    00000490    00000004   00000004    r-- .const:ti_sysbios_family_arm_m3_Hwi_NUM_INTERRUPTS__C
  00000494    00000494    00000004   00000004    r-- .const:ti_sysbios_family_arm_m3_Hwi_Object__count__C
  00000498    00000498    00000004   00000004    r-- .const:ti_sysbios_family_arm_m3_Hwi_Object__table__C
  0000049c    0000049c    00000004   00000004    r-- .const:ti_sysbios_family_arm_m3_Hwi_ccr__C
  000004a0    000004a0    00000004   00000004    r-- .const:ti_sysbios_family_arm_m3_Hwi_excHandlerFunc__C
  000004a4    000004a4    00000004   00000004    r-- .const:ti_sysbios_family_arm_m3_Hwi_nullIsrFunc__C
  000004a8    000004a8    00000004   00000004    r-- .const:ti_sysbios_family_arm_m3_Hwi_numSparseInterrupts__C
  000004ac    000004ac    00000004   00000004    r-- .const:ti_sysbios_family_arm_m3_Hwi_priGroup__C
  000004b0    000004b0    00000004   00000004    r-- .const:ti_sysbios_family_arm_m3_TaskSupport_stackAlignment__C
  000004b4    000004b4    00000004   00000004    r-- .const:ti_sysbios_heaps_HeapMem_E_memory__C
  000004b8    000004b8    00000004   00000004    r-- .const:ti_sysbios_heaps_HeapMem_Module__gateObj__C
  000004bc    000004bc    00000004   00000004    r-- .const:ti_sysbios_heaps_HeapMem_Object__count__C
  000004c0    000004c0    00000004   00000004    r-- .const:ti_sysbios_heaps_HeapMem_Object__table__C
  000004c4    000004c4    00000004   00000004    r-- .const:ti_sysbios_heaps_HeapMem_reqAlign__C
  000004c8    000004c8    00000004   00000004    r-- .const:ti_sysbios_knl_Clock_serviceMargin__C
  000004cc    000004cc    00000004   00000004    r-- .const:ti_sysbios_knl_Mailbox_Object__count__C
  000004d0    000004d0    00000004   00000004    r-- .const:ti_sysbios_knl_Mailbox_Object__table__C
  000004d4    000004d4    00000004   00000004    r-- .const:ti_sysbios_knl_Queue_Object__count__C
  000004d8    000004d8    00000004   00000004    r-- .const:ti_sysbios_knl_Queue_Object__table__C
  000004dc    000004dc    00000004   00000004    r-- .const:ti_sysbios_knl_Swi_Object__count__C
  000004e0    000004e0    00000004   00000004    r-- .const:ti_sysbios_knl_Swi_Object__table__C
  000004e4    000004e4    00000004   00000004    r-- .const:ti_sysbios_knl_Swi_numPriorities__C
  000004e8    000004e8    00000004   00000004    r-- .const:ti_sysbios_knl_Task_Object__count__C
  000004ec    000004ec    00000004   00000004    r-- .const:ti_sysbios_knl_Task_Object__table__C
  000004f0    000004f0    00000004   00000004    r-- .const:ti_sysbios_knl_Task_allBlockedFunc__C
  000004f4    000004f4    00000004   00000004    r-- .const:ti_sysbios_knl_Task_defaultStackHeap__C
  000004f8    000004f8    00000004   00000004    r-- .const:ti_sysbios_knl_Task_defaultStackSize__C
  000004fc    000004fc    00000004   00000004    r-- .const:ti_sysbios_knl_Task_numConstructedTasks__C
  00000502    00000502    00000002   00000002    r-- .const:ti_sysbios_family_arm_cc26xx_Timer_Module__id__C
  00000504    00000504    00000002   00000002    r-- .const:ti_sysbios_family_arm_cc26xx_TimestampProvider_useClockTimer__C
  00000506    00000506    00000002   00000002    r-- .const:ti_sysbios_family_arm_m3_Hwi_Module__id__C
  00000508    00000508    00000002   00000002    r-- .const:ti_sysbios_gates_GateHwi_Module__id__C
  0000050a    0000050a    00000002   00000002    r-- .const:ti_sysbios_gates_GateMutex_Module__id__C
  0000050c    0000050c    00000002   00000002    r-- .const:ti_sysbios_heaps_HeapMem_Module__id__C
  0000050e    0000050e    00000002   00000002    r-- .const:ti_sysbios_knl_Task_initStackFlag__C
  00000510    00000510    00000001   00000001    r-- .const:ti_sysbios_knl_Clock_tickMode__C
  00000514    00000514    00000008   00000008    r-- .const:xdc_runtime_Startup_firstFxns__C
  0000051c    0000051c    00000008   00000008    r-- .const:xdc_runtime_Startup_lastFxns__C
  00000524    00000524    00000004   00000004    r-- .const:xdc_runtime_Assert_E_assertFailed__C
  00000528    00000528    00000004   00000004    r-- .const:xdc_runtime_Error_E_memory__C
  0000052c    0000052c    00000004   00000004    r-- .const:xdc_runtime_Error_policyFxn__C
  00000530    00000530    00000004   00000004    r-- .const:xdc_runtime_IGateProvider_Interface__BASE__C
  00000534    00000534    00000004   00000004    r-- .const:xdc_runtime_IHeap_Interface__BASE__C
  00000538    00000538    00000004   00000004    r-- .const:xdc_runtime_IModule_Interface__BASE__C
  0000053c    0000053c    00000004   00000004    r-- .const:xdc_runtime_Main_Module__diagsEnabled__C
  00000540    00000540    00000004   00000004    r-- .const:xdc_runtime_Main_Module__diagsIncluded__C
  00000544    00000544    00000004   00000004    r-- .const:xdc_runtime_Main_Module__diagsMask__C
  00000548    00000548    00000004   00000004    r-- .const:xdc_runtime_Memory_defaultHeapInstance__C
  0000054c    0000054c    00000004   00000004    r-- .const:xdc_runtime_Startup_execImpl__C
  00000550    00000550    00000004   00000004    r-- .const:xdc_runtime_Startup_maxPasses__C
  00000554    00000554    00000004   00000004    r-- .const:xdc_runtime_Startup_sfxnRts__C
  00000558    00000558    00000004   00000004    r-- .const:xdc_runtime_Startup_sfxnTab__C
  0000055c    0000055c    00000004   00000004    r-- .const:xdc_runtime_Startup_startModsFxn__C
  00000560    00000560    00000004   00000004    r-- .const:xdc_runtime_SysCallback_abortFxn__C
  00000564    00000564    00000004   00000004    r-- .const:xdc_runtime_SysCallback_exitFxn__C
  00000568    00000568    00000004   00000004    r-- .const:xdc_runtime_System_abortFxn__C
  0000056c    0000056c    00000004   00000004    r-- .const:xdc_runtime_System_exitFxn__C
  00000570    00000570    00000004   00000004    r-- .const:xdc_runtime_System_maxAtexitHandlers__C
  00000574    00000574    00000004   00000004    r-- .const:xdc_runtime_Text_charTab__C
  00000578    00000578    00000004   00000004    r-- .const:xdc_runtime_Text_nameEmpty__C
  0000057c    0000057c    00000004   00000004    r-- .const:xdc_runtime_Text_nameStatic__C
  00000580    00000580    00000004   00000004    r-- .const:xdc_runtime_Text_nameUnknown__C
  00000584    00000584    00000002   00000002    r-- .const:xdc_runtime_Main_Module__id__C
  00000586    00000586    00000002   00000002    r-- .const:xdc_runtime_Memory_Module__id__C
  00000588    00000588    00000002   00000002    r-- .const:xdc_runtime_Text_charCnt__C
  0000058a    0000058a    00000002   00000002    r-- .const:xdc_runtime_Text_isLoaded__C
  0000058c    0000058c    00000001   00000001    r-- .const:xdc_runtime_Error_policy__C
  00000590    00000590    00000004   00000004    r-- .const:ti_sysbios_rom_ROM_AONRTCChannelEnable
  00000594    00000594    00000004   00000004    r-- .const:ti_sysbios_rom_ROM_AONRTCCompareValueSet
  00000598    00000598    00000004   00000004    r-- .const:ti_sysbios_rom_ROM_AONRTCCurrentCompareValueGet
  0000059c    0000059c    00000004   00000004    r-- .const:ti_sysbios_rom_ROM_AONRTCEventClear
  000005a0    000005a0    00000004   00000004    r-- .const:ti_sysbios_rom_ROM_ti_sysbios_family_arm_cc26xx_Timer_getCount64__E
  000005a4    000005a4    00000004   00000004    r-- .const:ti_sysbios_rom_ROM_ti_sysbios_family_arm_cc26xx_Timer_getCurrentTick__E
  000005a8    000005a8    00000004   00000004    r-- .const:ti_sysbios_rom_ROM_ti_sysbios_family_arm_cc26xx_Timer_getMaxTicks__E
  000005ac    000005ac    00000004   00000004    r-- .const:ti_sysbios_rom_ROM_ti_sysbios_family_arm_cc26xx_Timer_initDevice__I
  000005b0    000005b0    00000004   00000004    r-- .const:ti_sysbios_rom_ROM_ti_sysbios_family_arm_cc26xx_Timer_setNextTick__E
  000005b4    000005b4    00000004   00000004    r-- .const:ti_sysbios_rom_ROM_ti_sysbios_family_arm_cc26xx_Timer_setThreshold__I
  000005b8    000005b8    00000004   00000004    r-- .const:ti_sysbios_rom_ROM_ti_sysbios_family_arm_cc26xx_Timer_start__E
  000005bc    000005bc    00000004   00000004    r-- .const:ti_sysbios_rom_ROM_ti_sysbios_family_arm_cc26xx_TimestampProvider_get32__E
  000005c0    000005c0    00000004   00000004    r-- .const:ti_sysbios_rom_ROM_xdc_runtime_Startup_getState__I
  000005c4    000005c4    00000004   00000004    r-- .const:ti_sysbios_rom_ROM_xdc_runtime_System_SupportProxy_abort__E
  000005c8    000005c8    00000004   00000004    r-- .const:ti_sysbios_rom_ROM_xdc_runtime_System_SupportProxy_exit__E
  000005cc    000005cc    00000004   00000004    r-- .const:ti_sysbios_gates_GateMutex_Instance_State_sem__O
  000005d0    000005d0    00000004   00000004    r-- .const:ti_sysbios_knl_Clock_Module_State_clockQ__O
  000005d4    000005d4    00000004   00000004    r-- .const:ti_sysbios_knl_Mailbox_Instance_State_dataQue__O
  000005d8    000005d8    00000004   00000004    r-- .const:ti_sysbios_knl_Mailbox_Instance_State_dataSem__O
  000005dc    000005dc    00000004   00000004    r-- .const:ti_sysbios_knl_Mailbox_Instance_State_freeQue__O
  000005e0    000005e0    00000004   00000004    r-- .const:ti_sysbios_knl_Mailbox_Instance_State_freeSem__O
  000005e4    000005e4    00000004   00000004    r-- .const:ti_sysbios_knl_Semaphore_Instance_State_pendQ__O
  000005e8    000005e8    00000004   00000004    r-- .const:ti_sysbios_knl_Task_Module_State_inactiveQ__O
  000005ec    000005ec    0000b6b4   0000b6b4    r-x .text
  0000bca0    0000bca0    0000054a   0000054a    r-- .const
  0000c1f0    0000c1f0    000004c8   000004c8    r-- .cinit
0001ffa8    0001ffa8    00000058   00000058    r--
  0001ffa8    0001ffa8    00000058   00000058    r-- .ccfg
20000100    20000100    00000104   00000000    rw-
  20000100    20000100    00000044   00000000    rw- .data:ti_sysbios_knl_Task_Module__state__V
  20000144    20000144    00000034   00000000    rw- .data:ti_sysbios_family_arm_m3_Hwi_Module__state__V
  20000178    20000178    0000002c   00000000    rw- .data:ti_sysbios_knl_Clock_Module__state__V
  200001a4    200001a4    00000024   00000000    rw- .data:ti_sysbios_BIOS_Module__state__V
  200001c8    200001c8    0000001c   00000000    rw- .data:ti_sysbios_knl_Swi_Module__state__V
  200001e4    200001e4    00000008   00000000    rw- .data:ti_sysbios_family_arm_cc26xx_Timer_Module__state__V
  200001ec    200001ec    00000004   00000000    rw- .data:ti_sysbios_family_arm_cc26xx_TimestampProvider_Module__state__V
  200001f0    200001f0    00000008   00000000    rw- .data:xdc_runtime_Startup_Module__state__V
  200001f8    200001f8    00000008   00000000    rw- .data:xdc_runtime_System_Module__state__V
  20000200    20000200    00000004   00000000    rw- .data:xdc_runtime_Memory_Module__state__V
20000300    20000300    00003502   00000000    rw-
  20000300    20000300    00000aac   00000000    rw- .data
  20000db0    20000db0    00002a52   00000000    rw- .bss
20003900    20003900    000000c8   00000000    rw-
  20003900    20003900    000000c8   00000000    rw- .vtable_ram
20003e98    20003e98    000004b0   00000000    rw-
  20003e98    20003e98    000004b0   00000000    rw- .stack


SECTION ALLOCATION MAP

 output                                  attributes/
section   page    origin      length       input sections
--------  ----  ----------  ----------   ----------------
.text      0    000005ec    0000b6b4     
                  000005ec    00001106     rtsv7M3_T_le_eabi.lib : _printfi.obj (.text)
                  000016f2    00000002     ble_user_config.obj (.text:DefaultAssertCback)
                  000016f4    000008a4     PhynSerial.obj (.text:Process_Serial_Command)
                  00001f98    000003cc     peripheral.obj (.text:gapRole_processGAPMsg)
                  00002364    0000037c     RFCC26XX_singleMode.obj (.text:fsmActiveState)
                  000026e0    00000334     simple_peripheral.obj (.text:Sys_Checks)
                  00002a14    00000320     peripheral.obj (.text:GAPRole_SetParameter)
                  00002d34    00000254     main.obj (.text:main)
                  00002f88    00000228     drivers_cc26xxware.aem3 : PowerCC26XX.oem3 (.text:Power_sleep)
                  000031b0    00000204     driverlib.lib : sys_ctrl.obj (.text:NOROM_SysCtrlSetRechargeBeforePowerDown)
                  000033b4    000001f4     rtsv7M3_T_le_eabi.lib : ull_div_t2.obj (.text)
                  000035a8    000001ec     RFCC26XX_singleMode.obj (.text:abortCmd)
                  00003794    000001dc     RFCC26XX_singleMode.obj (.text:RF_postCmd)
                  00003970    000001d0     drivers_cc26xxware.aem3 : PowerCC26XX_calibrateRCOSC.oem3 (.text:calibrateRcoscHf1)
                  00003b40    000001bc     peripheral.obj (.text:GAPRole_GetParameter)
                  00003cfc    000001b8     PWD_Util.obj (.text:BLE_StackCheck)
                  00003eb4    000001b6     rtsv7M3_T_le_eabi.lib : fd_add_t2.obj (.text)
                  0000406a    00000002     driverlib.lib : rfc.obj (.text:NOROM_RFCAdi3VcoLdoVoltageMode)
                  0000406c    000001b0     PINCC26XX.obj (.text:PIN_init)
                  0000421c    00000184     drivers_cc26xxware.aem3 : PowerCC26XX_calibrateRCOSC.oem3 (.text:PowerCC26XX_doCalibrate)
                  000043a0    00000184     UARTCC26XX.obj (.text:UARTCC26XX_open)
                  00004524    0000017c     PhynGatt.obj (.text:PhynProfile_WriteAttrCB)
                  000046a0    00000174     PhynSerial.obj (.text:UART_Post_State)
                  00004814    0000016c     simple_peripheral.obj (.text:SimpleBLEPeripheral_taskFxn)
                  00004980    00000154     simple_peripheral.obj (.text:GAP_Setup)
                  00004ad4    00000154     peripheral.obj (.text:gapRole_taskFxn)
                  00004c28    00000136     rtsv7M3_T_le_eabi.lib : fd_div_t2.obj (.text)
                  00004d5e    00000002     driverlib.lib : rfc.obj (.text:NOROM_RFCRTrim)
                  00004d60    00000130                   : setup.obj (.text:NOROM_SetupAfterColdResetWakeupFromShutDownCfg3)
                  00004e90    00000128     RFCC26XX_singleMode.obj (.text:rf_init)
                  00004fb8    00000124     main.obj (.text:StackAssertHandler)
                  000050dc    00000120     RFCC26XX_singleMode.obj (.text:hwiFxnCpe0Active)
                  000051fc    0000011c     drivers_cc26xxware.aem3 : PowerCC26XX.oem3 (.text:Power_init)
                  00005318    00000114     UARTCC26XX.obj (.text:UARTCC26XX_hwiIntFxn)
                  0000542c    00000114     UARTCC26XX.obj (.text:UARTCC26XX_write)
                  00005540    00000104     RFCC26XX_singleMode.obj (.text:fsmSetupState)
                  00005644    00000100     peripheral.obj (.text:gapRole_init)
                  00005744    000000fc     rtsv7M3_T_le_eabi.lib : fd_mul_t2.obj (.text)
                  00005840    000000f0     main.obj (.text:AppAssertHandler)
                  00005930    000000ea     icall.obj (.text:ICall_primWaitMatch)
                  00005a1a    00000002     RFCC26XX_singleMode.obj (.text:defaultErrCb)
                  00005a1c    000000e4     driverlib.lib : setup.obj (.text:NOROM_SetupAfterColdResetWakeupFromShutDownCfg2)
                  00005b00    000000e0     PhynGatt.obj (.text:Update_Attribute_From_App)
                  00005be0    000000d4     drivers_cc26xxware.aem3 : PowerCC26XX.oem3 (.text:Power_releaseDependency)
                  00005cb4    000000d4     PhynUart.obj (.text:UART_taskFxn)
                  00005d88    000000d0     drivers_cc26xxware.aem3 : PowerCC26XX.oem3 (.text:Power_setDependency)
                  00005e58    000000d0     RFCC26XX_singleMode.obj (.text:fsmPowerUpState)
                  00005f28    000000d0     rtsv7M3_T_le_eabi.lib : s_scalbn.obj (.text)
                  00005ff8    000000cc     PhynGatt.obj (.text:InitAppFields)
                  000060c4    000000cc     driverlib.lib : setup.obj (.text:TrimAfterColdResetWakeupFromShutDown)
                  00006190    000000c8     RFCC26XX_singleMode.obj (.text:RF_open)
                  00006258    000000c8     UARTCC26XX.obj (.text:UARTCC26XX_initHw)
                  00006320    000000c4     PhynUart.obj (.text:Init_PWD_UART)
                  000063e4    000000c4     simple_peripheral.obj (.text:SimpleBLEPeripheral_init)
                  000064a8    000000bc     power_cc26xx_tirtos.aem3 : PowerCC26XX_tirtos.oem3 (.text:PowerCC26XX_standbyPolicy)
                  00006564    000000b0     PINCC26XX.obj (.text:PINCC26XX_setIoCfg)
                  00006614    000000b0     UARTCC26XX.obj (.text:UARTCC26XX_read)
                  000066c4    000000ac     PWD_Util.obj (.text:BLE_EnableBootloader)
                  00006770    000000a8     RFCC26XX_singleMode.obj (.text:swiFxnHw)
                  00006818    000000a4     driverlib.lib : setup.obj (.text:NOROM_SetupTrimDevice)
                  000068bc    000000a0     auto_init.aem3 : auto_init.oem3 (.text)
                  0000695c    0000009c     icall.obj (.text:ICall_heapMalloc)
                  000069f8    0000009c     icall.obj (.text:ICall_primSetTimer)
                  00006a94    0000009c     UARTCC26XX.obj (.text:UARTCC26XX_initIO)
                  00006b30    0000009c     rtsv7M3_T_le_eabi.lib : memcpy_t2.obj (.text)
                  00006bcc    00000098     simple_peripheral.obj (.text:Heartbeat_Service)
                  00006c64    00000098     rom_sysbios.aem3 : rom_sysbios.obj (.text:ti_sysbios_knl_Clock_workFuncDynamic__E)
                  00006cfc    00000098     UARTCC26XX.obj (.text:writeFinishedDoCallback)
                  00006d94    00000092     rtsv7M3_T_le_eabi.lib : fs_div_t2.obj (.text)
                  00006e26    00000002     drivers_cc26xxware.aem3 : PowerCC26XX.oem3 (.text:emptyClockFunc)
                  00006e28    00000090     PINCC26XX.obj (.text:PIN_open)
                  00006eb8    00000090     UARTCC26XX.obj (.text:UARTCC26XX_writeCancel)
                  00006f48    00000090     drivers_cc26xxware.aem3 : PowerCC26XX.oem3 (.text:switchXOSCHFclockFunc)
                  00006fd8    0000008c     driverlib.lib : osc.obj (.text:NOROM_OSCHF_GetStartupTime)
                  00007064    0000008c     PhynGatt.obj (.text:PhynProfile_ReadAttrCB)
                  000070f0    0000008c     PhynSerial.obj (.text:Send_Serial_Response_Msg)
                  0000717c    0000008c     TRNGCC26XX.obj (.text:TRNGCC26XX_getNumber)
                  00007208    0000008c     UARTCC26XX.obj (.text:readData)
                  00007294    00000088     icall.obj (.text:ICall_createRemoteTasks)
                  0000731c    00000088     peripheral.obj (.text:gapRole_startConnUpdate)
                  000073a4    00000086     rtsv7M3_T_le_eabi.lib : fd_cmp_t2.obj (.text:__aeabi_cdcmple)
                  0000742a    00000086                           : fd_cmp_t2.obj (.text:__aeabi_cdrcmple)
                  000074b0    00000084     icall_cc2650.obj (.text:ICallPlatform_pwrUpdActivityCounter)
                  00007534    00000080     PWD_Util.obj (.text:BLE_SetupAndStartWatchdog)
                  000075b4    0000007c     RFCC26XX_singleMode.obj (.text:RF_pendCmd)
                  00007630    0000007c     drivers_cc26xxware.aem3 : PowerCC26XX.oem3 (.text:disableLFClockQualifiers)
                  000076ac    0000007c     UARTCC26XX.obj (.text:writeTxFifoFlush)
                  00007728    0000007a     rtsv7M3_T_le_eabi.lib : fs_mul_t2.obj (.text)
                  000077a2    0000007a                           : memset_t2.obj (.text)
                  0000781c    00000078     icall.obj (.text:ICall_heapInit)
                  00007894    00000078     icall.obj (.text:ICall_primSend)
                  0000790c    00000078     driverlib.lib : setup.obj (.text:NOROM_SetupAfterColdResetWakeupFromShutDownCfg1)
                  00007984    00000074     drivers_cc26xxware.aem3 : PowerCC26XX_calibrateRCOSC.oem3 (.text:PowerCC26XX_auxISR)
                  000079f8    00000074     UARTCC26XX.obj (.text:UARTCC26XX_close)
                  00007a6c    00000074     drivers_cc26xxware.aem3 : PowerCC26XX_calibrateRCOSC.oem3 (.text:calibrateRcoscHf2)
                  00007ae0    00000074     RFCC26XX_singleMode.obj (.text:fsmPowerDownState)
                  00007b54    00000074     rom_sysbios.aem3 : rom_sysbios.obj (.text:ti_sysbios_family_arm_cc26xx_Timer_start__E)
                  00007bc8    00000070     icall.obj (.text:ICall_newTask)
                  00007c38    00000070     icall.obj (.text:ICall_primEnroll)
                  00007ca8    00000070     driverlib.lib : chipinfo.obj (.text:NOROM_ChipInfo_GetHwRevision)
                  00007d18    00000070     simple_peripheral.obj (.text:Phyn_Set_Scan_Response_Name)
                  00007d88    00000070     PhynUart.obj (.text:Start_UART_Read)
                  00007df8    0000006e     rtsv7M3_T_le_eabi.lib : fd_tos_t2.obj (.text)
                  00007e66    00000002     hal_assert.obj (.text:halAssertSpinlock)
                  00007e68    0000006c     driverlib.lib : setup.obj (.text:NOROM_SetupGetTrimForAmpcompCtrl)
                  00007ed4    0000006c     drivers_cc26xxware.aem3 : PowerCC26XX.oem3 (.text:PowerCC26XX_calibrate)
                  00007f40    0000006c     UARTCC26XX.obj (.text:UARTCC26XX_readCancel)
                  00007fac    00000068     driverlib.lib : setup.obj (.text:NOROM_SetupGetTrimForAnabypassValue1)
                  00008014    00000068                   : sys_ctrl.obj (.text:NOROM_SysCtrl_DCDC_VoltageConditionalControl)
                  0000807c    00000068     rtsv7M3_T_le_eabi.lib : copy_decompress_lzss.obj (.text:decompress:lzss)
                  000080e4    00000064     PhynSerial.obj (.text:UART_Unsolicited_Tx)
                  00008148    00000064     RFCC26XX_singleMode.obj (.text:decActiveClientCnt)
                  000081ac    00000060     icall.obj (.text:ICall_primThreadServes)
                  0000820c    00000060     PINCC26XX.obj (.text:PIN_remove)
                  0000826c    00000060     drivers_cc26xxware.aem3 : PowerCC26XX_calibrateRCOSC.oem3 (.text:PowerCC26XX_RCOSC_clockFunc)
                  000082cc    00000060     rtsv7M3_T_le_eabi.lib : fs_cmp_t2.obj (.text:__aeabi_cfrcmple)
                  0000832c    00000060                           : sprintf.obj (.text)
                  0000838c    00000060     drivers_cc26xxware.aem3 : PowerCC26XX_calibrateRCOSC.oem3 (.text:updateSubSecInc)
                  000083ec    0000005c     icall.obj (.text:ICall_primGetEntityId)
                  00008448    0000005c     driverlib.lib : osc.obj (.text:NOROM_OSCHF_AttemptToSwitchToXosc)
                  000084a4    0000005c                   : sys_ctrl.obj (.text:NOROM_SysCtrlAdjustRechargeAfterPowerDown)
                  00008500    0000005c     RFCC26XX_singleMode.obj (.text:RF_getCurrentTime)
                  0000855c    0000005c     RFCC26XX_singleMode.obj (.text:RF_getInfo)
                  000085b8    0000005c     PhynSerial.obj (.text:Reset_Serial_Rx)
                  00008614    0000005c     simple_peripheral.obj (.text:SimpleBLEPeripheral_processStateChangeEvt)
                  00008670    0000005c     rtsv7M3_T_le_eabi.lib : s_frexp.obj (.text)
                  000086cc    0000005c     Phyn_BLE_pem3.oem3 (.text:xdc_runtime_Startup_getState__I)
                  00008728    00000058     PhynGatt.obj (.text:Gatt_SR_Tx)
                  00008780    00000058     icall_cc2650.obj (.text:ICallPlatform_pwrRegisterNotify)
                  000087d8    00000058     drivers_cc26xxware.aem3 : PowerCC26XX_calibrateRCOSC.oem3 (.text:PowerCC26XX_initiateCalibration)
                  00008830    00000058     UARTCC26XX.obj (.text:UARTCC26XX_control)
                  00008888    00000058     RFCC26XX_singleMode.obj (.text:fsmXOSCState)
                  000088e0    00000054     gattservapp_util.obj (.text:GATTServApp_ProcessCCCWriteReq)
                  00008934    00000054     icall.obj (.text:ICall_primRegisterApp)
                  00008988    00000054     rcosc_calibration.obj (.text:RCOSC_enableCalibration)
                  000089dc    00000054     simple_peripheral.obj (.text:SimpleBLEPeripheral_processGATTMsg)
                  00008a30    00000054     util.obj (.text:Util_constructClock)
                  00008a84    00000054     drivers_cc26xxware.aem3 : PowerCC26XX.oem3 (.text:configureXOSCHF)
                  00008ad8    00000054     RFCC26XX_singleMode.obj (.text:dispatchOpWhen)
                  00008b2c    00000054     RFCC26XX_singleMode.obj (.text:hwiFxnHw)
                  00008b80    00000054     rtsv7M3_T_le_eabi.lib : exit.obj (.text)
                  00008bd4    00000054                           : ltoa.obj (.text)
                  00008c28    00000052     icall.obj (.text:ICall_primWait)
                  00008c7a    00000002     rom_sysbios.aem3 : rom_sysbios.obj (.text:ti_sysbios_BIOS_linkedWithIncorrectBootLibrary__E)
                  00008c7c    00000050     icall_api.obj (.text:GAP_DeviceInit)
                  00008ccc    00000050     driverlib.lib : setup.obj (.text:NOROM_SetupSetCacheModeAccordingToCcfgSetting)
                  00008d1c    00000050     PhynUart.obj (.text:UART_Naked_Tx)
                  00008d6c    00000050     RFCC26XX_singleMode.obj (.text:applyRfCorePatch)
                  00008dbc    00000050     peripheral.obj (.text:gapRole_processStackMsg)
                  00008e0c    00000050     RFCC26XX_singleMode.obj (.text:ratChanFree)
                  00008e5c    0000004c     driverlib.lib : osc.obj (.text:NOROM_OSCClockSourceSet)
                  00008ea8    0000004c     UARTCC26XX.obj (.text:UARTCC26XX_swiIntFxn)
                  00008ef4    0000004c     PhynUart.obj (.text:UART_CreateTask)
                  00008f40    0000004c     rtsv7M3_T_le_eabi.lib : atoi.obj (.text)
                  00008f8c    0000004c                           : cpy_tbl.obj (.text)
                  00008fd8    0000004c     RFCC26XX_singleMode.obj (.text:syncCb)
                  00009024    00000048     peripheral.obj (.text:GAPRole_createTask)
                  0000906c    00000048     icall_api.obj (.text:GAP_UpdateAdvertisingData)
                  000090b4    00000048     driverlib.lib : chipinfo.obj (.text:NOROM_ChipInfo_GetChipFamily)
                  000090fc    00000048                   : ddi.obj (.text:NOROM_DDI16BitfieldWrite)
                  00009144    00000048     simple_peripheral.obj (.text:SimpleBLEPeripheral_sendAttRsp)
                  0000918c    00000048     drivers_cc26xxware.aem3 : PowerCC26XX.oem3 (.text:notify)
                  000091d4    00000048     rtsv7M3_T_le_eabi.lib : fd_toi_t2.obj (.text)
                  0000921c    00000048     UARTCC26XX.obj (.text:startTxFifoEmptyClk)
                  00009264    00000044     icall_cc2650.obj (.text:ICallPlatform_pwrConfigACAction)
                  000092a8    00000044     icall.obj (.text:ICall_primCreateTask)
                  000092ec    00000044     PINCC26XX.obj (.text:PIN_setOutputEnable)
                  00009330    00000044     PINCC26XX.obj (.text:PIN_swi)
                  00009374    00000044     RFCC26XX_singleMode.obj (.text:RF_getRssi)
                  000093b8    00000044     boot.aem3 : boot.oem3 (.text)
                  000093fc    00000042     icall_api.obj (.text:sendWaitMatchValueCS)
                  0000943e    00000002     Phyn_BLE_pem3.oem3 (.text:ti_sysbios_BIOS_nullFunc__I)
                  00009440    00000040     icall_api.obj (.text:GAPBondMgr_LinkEst)
                  00009480    00000040     icall_api.obj (.text:GAP_TerminateLinkReq)
                  000094c0    00000040     icall_api.obj (.text:GATTServApp_RegisterService)
                  00009500    00000040     icall_api.obj (.text:ICall_waitMatch)
                  00009540    00000040     driverlib.lib : ddi.obj (.text:NOROM_DDI16BitfieldRead)
                  00009580    00000040     icall_api.obj (.text:sendWaitMatchCS)
                  000095c0    0000003e     PWD_Util.obj (.text:BLE_IncrementEventCount)
                  000095fe    0000003e     icall_api.obj (.text:gapSendParamAndPtrCmd)
                  0000963c    0000003c     icall_api.obj (.text:GAP_GetParamValue)
                  00009678    0000003c     driverlib.lib : osc.obj (.text:NOROM_OSC_HPOSCRelativeFrequencyOffsetGet)
                  000096b4    0000003c                   : rfc.obj (.text:NOROM_RFCSynthPowerDown)
                  000096f0    0000003c     RFCC26XX_singleMode.obj (.text:RF_runCmd)
                  0000972c    0000003c     simple_peripheral.obj (.text:SimpleBLEPeripheral_createTask)
                  00009768    0000003c     icall_api.obj (.text:hciSendParamsCmd)
                  000097a4    0000003c     RFCC26XX_singleMode.obj (.text:postDirImmCmd)
                  000097e0    0000003c     icall_api.obj (.text:profileSetParameter)
                  0000981c    0000003a     RFCC26XX_singleMode.obj (.text:Q_push)
                  00009856    00000002     rom_sysbios.aem3 : rom_sysbios.obj (.text:ti_sysbios_knl_Clock_triggerFunc__I)
                  00009858    00000038     icall_api.obj (.text:GAPBondMgr_SetParameter)
                  00009890    00000038     peripheral.obj (.text:GAPRole_SendUpdateParam)
                  000098c8    00000038     icall_api.obj (.text:GATT_SendRsp)
                  00009900    00000038     icall.obj (.text:ICall_heapFree)
                  00009938    00000038     icall.obj (.text:ICall_init)
                  00009970    00000038     icall.obj (.text:ICall_primGetMaxMSecs)
                  000099a8    00000038     icall.obj (.text:ICall_searchTask)
                  000099e0    00000038     PINCC26XX.obj (.text:PIN_setOutputValue)
                  00009a18    00000038     simple_peripheral.obj (.text:SimpleBLEPeripheral_performPeriodicTask)
                  00009a50    00000038     UART.obj (.text:UART_init)
                  00009a88    00000038     icall_api.obj (.text:linkDB_NumActive)
                  00009ac0    00000038     icall_api.obj (.text:linkDB_NumConns)
                  00009af8    00000038     icall_api.obj (.text:osal_snv_read)
                  00009b30    00000038     icall_api.obj (.text:osal_snv_write)
                  00009b68    00000038     rtsv7M3_T_le_eabi.lib : fs_tod_t2.obj (.text)
                  00009ba0    00000038     rom_sysbios.aem3 : rom_sysbios.obj (.text:ti_sysbios_family_arm_cc26xx_Timer_getCurrentTick__E)
                  00009bd8    00000036     icall_api.obj (.text:gapSendParamsCmd)
                  00009c0e    00000036     icall_api.obj (.text:gapSendPtrParamsCmd)
                  00009c44    00000036     rtsv7M3_T_le_eabi.lib : strncpy.obj (.text)
                  00009c7a    00000002     Phyn_BLE_pem3.oem3 (.text:ti_sysbios_rom_cortexm_cc26xx_CC26xx_badRomRevision__E)
                  00009c7c    00000034     icall_api.obj (.text:GAP_SetParamValue)
                  00009cb0    00000034     peripheral.obj (.text:ICall_fetchServiceMsg)
                  00009ce4    00000034     simple_peripheral.obj (.text:ICall_fetchServiceMsg)
                  00009d18    00000034     icall.obj (.text:ICall_searchServiceEntity)
                  00009d4c    00000034     driverlib.lib : interrupt.obj (.text:NOROM_IntRegister)
                  00009d80    00000034                   : osc.obj (.text:NOROM_OSCHF_SwitchToRcOscTurnOffXosc)
                  00009db4    00000034                   : trng.obj (.text:NOROM_TRNGConfigure)
                  00009de8    00000034     PINCC26XX.obj (.text:PIN_setConfig)
                  00009e1c    00000034     drivers_cc26xxware.aem3 : PowerCC26XX.oem3 (.text:PowerCC26XX_isStableXOSC_HF)
                  00009e50    00000034     simple_peripheral.obj (.text:SimpleBLEPeripheral_processAppMsg)
                  00009e84    00000034     UART.obj (.text:UART_open)
                  00009eb8    00000034     util.obj (.text:Util_restartClock)
                  00009eec    00000034     RFCC26XX_singleMode.obj (.text:getCmd)
                  00009f20    00000034     icall_api.obj (.text:linkDB_GetInfo)
                  00009f54    00000034     icall_api.obj (.text:registerTask)
                  00009f88    00000034     rom_sysbios.aem3 : rom_sysbios.obj (.text:ti_sysbios_family_arm_cc26xx_Timer_initDevice__I)
                  00009fbc    00000034     UARTCC26XX.obj (.text:writeData)
                  00009ff0    00000032     icall.obj (.text:ICall_msgEnqueue)
                  0000a022    00000032     icall.obj (.text:ICall_primFetchMsg)
                  0000a054    00000032     icall.obj (.text:ICall_primRegisterISR)
                  0000a086    00000032     icall.obj (.text:ICall_primRegisterISR_Ext)
                  0000a0b8    00000032     icall_api.obj (.text:matchGapSetGetParamCS)
                  0000a0ea    00000032     icall_api.obj (.text:matchUtilNvCS)
                  0000a11c    00000032     rom_sysbios.aem3 : rom_sysbios.obj (.text:ti_sysbios_family_arm_cc26xx_Timer_setNextTick__E)
                  0000a14e    00000030     icall_cc2650.obj (.text:ICallPlatform_pwrNotify)
                  0000a17e    00000002     rom_sysbios.aem3 : rom_sysbios.obj (.text:xdc_runtime_SysCallback_defaultAbort)
                  0000a180    00000030     icall.obj (.text:ICall_msecs2Ticks)
                  0000a1b0    00000030     driverlib.lib : setup.obj (.text:NOROM_SetupSetAonRtcSubSecInc)
                  0000a1e0    00000030     drivers_cc26xxware.aem3 : PowerCC26XX.oem3 (.text:Power_releaseConstraint)
                  0000a210    00000030                             : PowerCC26XX.oem3 (.text:Power_setConstraint)
                  0000a240    00000030     PhynUart.obj (.text:Uart_Rx_Callback)
                  0000a270    00000030     util.obj (.text:Util_enqueueMsg)
                  0000a2a0    00000030     RFCC26XX_singleMode.obj (.text:clkPowerUpFxn)
                  0000a2d0    00000030     peripheral.obj (.text:gapRole_HandleParamUpdateNoSuccess)
                  0000a300    00000030     peripheral.obj (.text:gapRole_SetupGAP)
                  0000a330    00000030     Phyn_BLE_pem3.oem3 (.text:ti_sysbios_BIOS_atExitFunc__I)
                  0000a360    00000030     Phyn_BLE_pem3.oem3 (.text:ti_sysbios_BIOS_startFunc__I)
                  0000a390    00000030     rom_sysbios.aem3 : rom_sysbios.obj (.text:ti_sysbios_family_arm_cc26xx_Timer_setThreshold__I)
                  0000a3c0    00000030     RFCC26XX_singleMode.obj (.text:updateImplicitState)
                  0000a3f0    0000002e     icall_cc2650.obj (.text:ICallPlatform_pwrDispenseImpl)
                  0000a41e    0000002e     icall_cc2650.obj (.text:ICallPlatform_pwrRequireImpl)
                  0000a44c    0000002e     rtsv7M3_T_le_eabi.lib : i_tofd_t2.obj (.text)
                  0000a47a    00000002     rom_sysbios.aem3 : rom_sysbios.obj (.text:xdc_runtime_SysCallback_defaultExit)
                  0000a47c    0000002c     PWD_Util.obj (.text:BLE_HitWatchdog)
                  0000a4a8    0000002c     peripheral.obj (.text:GAPRole_TerminateConnection)
                  0000a4d4    0000002c     icall.obj (.text:ICall_primEntityId2ServiceId)
                  0000a500    0000002c     icall.obj (.text:ICall_primFetchServiceMsg)
                  0000a52c    0000002c     PhynUart.obj (.text:ICall_registerApp)
                  0000a558    0000002c     peripheral.obj (.text:ICall_registerApp)
                  0000a584    0000002c     simple_peripheral.obj (.text:ICall_registerApp)
                  0000a5b0    0000002c     icall_api.obj (.text:ICall_sendServiceMsg)
                  0000a5dc    0000002c     driverlib.lib : ddi.obj (.text:NOROM_DDI32RegWrite)
                  0000a608    0000002c                   : setup.obj (.text:NOROM_SetupGetTrimForRadcExtCfg)
                  0000a634    0000002c     PINCC26XX.obj (.text:PINCC26XX_setMux)
                  0000a660    0000002c     simple_peripheral.obj (.text:SimpleBLEPeripheral_enqueueMsg)
                  0000a68c    0000002c     simple_peripheral.obj (.text:SimpleBLEPeripheral_freeAttRsp)
                  0000a6b8    0000002c     icall_api.obj (.text:hciSendCmd)
                  0000a6e4    0000002c     rom_sysbios.aem3 : rom_sysbios.obj (.text:ti_sysbios_knl_Clock_getTicksUntilInterrupt__E)
                  0000a710    0000002a     PWD_Util.obj (.text:ByteToAscii)
                  0000a73a    0000002a     icall.obj (.text:ICall_msgDequeue)
                  0000a764    0000002a     icall.obj (.text:ICall_msgPrepend)
                  0000a78e    0000002a     icall.obj (.text:ICall_primAllocMsg)
                  0000a7b8    0000002a     TRNGCC26XX.obj (.text:TRNGCC26XX_isParamValid)
                  0000a7e2    00000028     icall_api.obj (.text:GAPBondMgr_LinkTerm)
                  0000a80a    00000002     --HOLE-- [fill = 0]
                  0000a80c    00000028     simple_peripheral.obj (.text:HCI_Processor)
                  0000a834    00000028     icall_api.obj (.text:ICall_allocMsg)
                  0000a85c    00000028     icall_api.obj (.text:ICall_getEntityId)
                  0000a884    00000028     icall_api.obj (.text:ICall_getLocalMsgEntityId)
                  0000a8ac    00000028     simple_peripheral.obj (.text:ICall_malloc)
                  0000a8d4    00000028     util.obj (.text:ICall_malloc)
                  0000a8fc    00000028     icall_api.obj (.text:ICall_threadServes)
                  0000a924    00000028     driverlib.lib : aon_batmon.obj (.text:NOROM_AONBatMonTemperatureGetDegC)
                  0000a94c    00000028     drivers_cc26xxware.aem3 : PowerCC26XX.oem3 (.text:PowerCC26XX_switchXOSC_HF)
                  0000a974    00000028                             : PowerCC26XX.oem3 (.text:Power_registerNotify)
                  0000a99c    00000028     driverlib.lib : adi.obj (.text:SafeHapiVoid)
                  0000a9c4    00000028     TRNGCC26XX.obj (.text:TRNGCC26XX_init)
                  0000a9ec    00000028     gattservapp_util.obj (.text:gattServApp_FindCharCfgItem)
                  0000aa14    00000028     icall_api.obj (.text:matchProfileCS)
                  0000aa3c    00000026     PWD_Util.obj (.text:BLE_GetEventCount)
                  0000aa62    00000026     gattservapp_util.obj (.text:GATTServApp_WriteCharCfg)
                  0000aa88    00000026     drivers_cc26xxware.aem3 : List.oem3 (.text:List_put)
                  0000aaae    00000026     simple_peripheral.obj (.text:SimpleBLEPeripheral_processStackMsg)
                  0000aad4    00000026     icall_api.obj (.text:waitMatchCS)
                  0000aafa    00000002     --HOLE-- [fill = 0]
                  0000aafc    00000024     peripheral.obj (.text:GAPRole_StartDevice)
                  0000ab20    00000024     icall_api.obj (.text:HCI_EXT_ConnEventNoticeCmd)
                  0000ab44    00000024     icall.obj (.text:ICall_abort)
                  0000ab68    00000024     PINCC26XX.obj (.text:PINCC26XX_getPinCount)
                  0000ab8c    00000024     drivers_cc26xxware.aem3 : PowerCC26XX.oem3 (.text:PowerCC26XX_injectCalibration)
                  0000abb0    00000024     PhynUart.obj (.text:UART_Start_Write)
                  0000abd4    00000024     RFCC26XX_singleMode.obj (.text:allocCmd)
                  0000abf8    00000024     drivers_cc26xxware.aem3 : PowerCC26XX_calibrateRCOSC.oem3 (.text:getTdcSemaphore)
                  0000ac1c    00000024     hal_assert.obj (.text:halAssertHandlerExt)
                  0000ac40    00000024     RFCC26XX_singleMode.obj (.text:hwiFxnCpe0PowerFsm)
                  0000ac64    00000024     rtsv7M3_T_le_eabi.lib : u_tofs_t2.obj (.text)
                  0000ac88    00000024     Phyn_BLE_pem3.oem3 (.text:ti_sysbios_BIOS_registerRTSLock__I)
                  0000acac    00000024     Phyn_BLE_pem3.oem3 (.text:ti_sysbios_BIOS_removeRTSLock__I)
                  0000acd0    00000024     rom_sysbios.aem3 : rom_sysbios.obj (.text:ti_sysbios_family_arm_cc26xx_Timer_getMaxTicks__E)
                  0000acf4    00000022     icall.obj (.text:ICall_dispatch)
                  0000ad16    00000002     --HOLE-- [fill = 0]
                  0000ad18    00000020     PWD_Util.obj (.text:BLE_VerifyBootloaderIsEnabled)
                  0000ad38    00000020     simple_peripheral.obj (.text:ICall_free)
                  0000ad58    00000020     util.obj (.text:ICall_free)
                  0000ad78    00000020     icall.obj (.text:ICall_freeMsg)
                  0000ad98    00000020     icall_api.obj (.text:ICall_freeMsg)
                  0000adb8    00000020     peripheral.obj (.text:ICall_freeMsg)
                  0000add8    00000020     simple_peripheral.obj (.text:ICall_freeMsg)
                  0000adf8    00000020     icall.obj (.text:ICall_searchService)
                  0000ae18    00000020     peripheral.obj (.text:ICall_wait)
                  0000ae38    00000020     simple_peripheral.obj (.text:ICall_wait)
                  0000ae58    00000020     driverlib.lib : rfc.obj (.text:NOROM_RFCDoorbellSendTo)
                  0000ae78    00000020                   : rfc.obj (.text:NOROM_RFCRfTrimRead)
                  0000ae98    00000020                   : setup.obj (.text:NOROM_SetupGetTrimForXoscHfCtl)
                  0000aeb8    00000020     drivers_cc26xxware.aem3 : PowerCC26XX.oem3 (.text:Power_unregisterNotify)
                  0000aed8    00000020     TRNGCC26XX.obj (.text:TRNGCC26XX_open)
                  0000aef8    00000020     rcosc_calibration.obj (.text:rcosc_injectCalibrationPostNotify)
                  0000af18    00000020     rtsv7M3_T_le_eabi.lib : strcat.obj (.text)
                  0000af38    00000020     Phyn_BLE_pem3.oem3 (.text:ti_sysbios_BIOS_rtsLock__I)
                  0000af58    00000008     (.tramp.ti_sysbios_BIOS_RtsGateProxy_enter__E.1)
                  0000af60    00000020     rom_sysbios.aem3 : rom_sysbios.obj (.text:ti_sysbios_family_arm_cc26xx_Timer_dynamicStub__E)
                  0000af80    00000020                      : rom_sysbios.obj (.text:ti_sysbios_knl_Clock_stop__E)
                  0000afa0    0000001e     icall.obj (.text:ICall_primSendServiceMsg)
                  0000afbe    0000001e     PINCC26XX.obj (.text:PIN_close)
                  0000afdc    0000001e     drivers_cc26xxware.aem3 : PowerCC26XX.oem3 (.text:Power_getTransitionLatency)
                  0000affa    0000001e     icall_api.obj (.text:getStatusValueFromErrNo)
                  0000b018    0000001e     icall_api.obj (.text:matchHciCS)
                  0000b036    00000002     --HOLE-- [fill = 0]
                  0000b038    0000001c     icall_api.obj (.text:HCI_EXT_SetSCACmd)
                  0000b054    0000001c     icall_api.obj (.text:HCI_ReadRssiCmd)
                  0000b070    0000001c     icall.obj (.text:ICall_primService)
                  0000b08c    0000001c     driverlib.lib : flash.obj (.text:NOROM_FlashProgram)
                  0000b0a8    0000001c                   : flash.obj (.text:NOROM_FlashSectorErase)
                  0000b0c4    0000001c                   : osc.obj (.text:NOROM_OSCClockSourceGet)
                  0000b0e0    0000001c                   : setup.obj (.text:NOROM_SetupGetTrimForAmpcompTh2)
                  0000b0fc    0000001c                   : setup.obj (.text:NOROM_SetupGetTrimForRcOscLfRtuneCtuneTrim)
                  0000b118    0000001c     PINCC26XX.obj (.text:PINCC26XX_setIoCfgMux)
                  0000b134    0000001c     PINCC26XX.obj (.text:PIN_hwi)
                  0000b150    0000001c     PhynGatt.obj (.text:Phyn_AddServices)
                  0000b16c    0000001c     PhynUart.obj (.text:UART_Send_Msg)
                  0000b188    0000001a     icall.obj (.text:ICall_enterCSImpl)
                  0000b1a2    0000001a     icall.obj (.text:ICall_primMalloc)
                  0000b1bc    0000001a     icall.obj (.text:ICall_primSetTimerMSecs)
                  0000b1d6    0000001a     drivers_cc26xxware.aem3 : List.oem3 (.text:List_remove)
                  0000b1f0    0000001a     util.obj (.text:Util_dequeueMsg)
                  0000b20a    00000002     --HOLE-- [fill = 0]
                  0000b20c    00000008     (.tramp.ti_sysbios_knl_Queue_get__E.1)
                  0000b214    0000001a     rtsv7M3_T_le_eabi.lib : memccpy.obj (.text)
                  0000b22e    00000002     --HOLE-- [fill = 0]
                  0000b230    00000018     icall_api.obj (.text:GATT_bm_free)
                  0000b248    00000018     icall_api.obj (.text:GGS_SetParameter)
                  0000b260    00000018     icall_cc2650.obj (.text:ICallPlatform_pwrDispense)
                  0000b278    00000018     icall_cc2650.obj (.text:ICallPlatform_pwrRequire)
                  0000b290    00000018     icall.obj (.text:ICall_initPrim)
                  0000b2a8    00000018     driverlib.lib : aon_rtc.obj (.text:NOROM_AONRTCCurrentCompareValueGet)
                  0000b2c0    00000018                   : chipinfo.obj (.text:NOROM_ChipInfo_GetPackageType)
                  0000b2d8    00000018                   : osc.obj (.text:NOROM_OSCHF_TurnOnXosc)
                  0000b2f0    00000018                   : rfc.obj (.text:NOROM_RFCCpeIntGetAndClear)
                  0000b308    00000018                   : setup.obj (.text:NOROM_SetupGetTrimForAdcShModeEn)
                  0000b320    00000018                   : setup.obj (.text:NOROM_SetupGetTrimForAdcShVbufEn)
                  0000b338    00000018                   : setup.obj (.text:NOROM_SetupGetTrimForAmpcompTh1)
                  0000b350    00000018                   : setup.obj (.text:NOROM_SetupGetTrimForDblrLoopFilterResetVoltage)
                  0000b368    00000018                   : setup.obj (.text:NOROM_SetupGetTrimForRcOscLfIBiasTrim)
                  0000b380    00000018                   : setup.obj (.text:NOROM_SetupGetTrimForXoscLfRegulatorAndCmirrwrRatio)
                  0000b398    00000018     drivers_cc26xxware.aem3 : PowerCC26XX.oem3 (.text:Power_idleFunc)
                  0000b3b0    00000018     RFCC26XX_singleMode.obj (.text:Q_pop)
                  0000b3c8    00000018     RFCC26XX_singleMode.obj (.text:RF_runDirectCmd)
                  0000b3e0    00000018     RFCC26XX_singleMode.obj (.text:RF_runImmediateCmd)
                  0000b3f8    00000018     simple_peripheral.obj (.text:SimpleBLEPeripheral_clockHandler)
                  0000b410    00000018     UARTCC26XX.obj (.text:UARTCC26XX_init)
                  0000b428    00000018     UART.obj (.text:UART_Params_init)
                  0000b440    00000018     drivers_cc26xxware.aem3 : PowerCC26XX.oem3 (.text:configureRFCoreClocks)
                  0000b458    00000018     peripheral.obj (.text:gapRole_setEvent)
                  0000b470    00000018     rtsv7M3_T_le_eabi.lib : args_main.obj (.text)
                  0000b488    00000018                           : ll_mul_t2.obj (.text)
                  0000b4a0    00000018     RFCC26XX_singleMode.obj (.text:swiFxnFsm)
                  0000b4b8    00000018     Phyn_BLE_pem3.oem3 (.text:ti_sysbios_BIOS_rtsUnlock__I)
                  0000b4d0    00000008     (.tramp.ti_sysbios_BIOS_RtsGateProxy_leave__E.1)
                  0000b4d8    00000018     rom_sysbios.aem3 : rom_sysbios.obj (.text:ti_sysbios_knl_Swi_or__E)
                  0000b4f0    00000018     Phyn_BLE_pem3.oem3 (.text:ti_sysbios_rom_cortexm_cc26xx_CC26xx_checkRevision__E)
                  0000b508    00000016     PWD_Util.obj (.text:BLE_WatchdogExpired)
                  0000b51e    00000016     icall.obj (.text:ICall_leaveCSImpl)
                  0000b534    00000016     icall.obj (.text:ICall_primStopTimer)
                  0000b54a    00000016     ble_user_config.obj (.text:driverTable_fnSpinlock)
                  0000b560    00000016     TRNGCC26XX.obj (.text:openTRNG)
                  0000b576    00000016     rtsv7M3_T_le_eabi.lib : strchr.obj (.text)
                  0000b58c    00000016                           : strcpy.obj (.text)
                  0000b5a2    00000016     Phyn_BLE_pem3.oem3 (.text:ti_sysbios_BIOS_exitFunc__I)
                  0000b5b8    00000014     driverlib.lib : aon_rtc.obj (.text:NOROM_AONRTCCurrent64BitValueGet)
                  0000b5cc    00000014                   : chipinfo.obj (.text:NOROM_ThisCodeIsBuiltForCC26xxHwRev22AndLater_HaltIfViolated)
                  0000b5e0    00000014     RFCC26XX_singleMode.obj (.text:RF_Params_init)
                  0000b5f4    00000014     ble_user_config.obj (.text:RegisterAssertCback)
                  0000b608    00000014     PhynUart.obj (.text:UART_Bytes_Read)
                  0000b61c    00000014     rcosc_calibration.obj (.text:rcosc_injectCalibrationClockHandler)
                  0000b630    00000014     rtsv7M3_T_le_eabi.lib : _lock.obj (.text)
                  0000b644    00000014                           : strlen.obj (.text)
                  0000b658    00000014     icall_api.obj (.text:setICallCmdEvtHdr)
                  0000b66c    00000014     Phyn_BLE_pem3.oem3 (.text:ti_sysbios_knl_Clock_doTick__I)
                  0000b680    00000008     (.tramp.ti_sysbios_knl_Clock_logTick__E.1)
                  0000b688    00000012     RFCC26XX_singleMode.obj (.text:RF_getCmdOp)
                  0000b69a    00000012     Phyn_BLE_pem3.oem3 (.text:xdc_runtime_Startup_exec__I)
                  0000b6ac    00000008     (.tramp.xdc_runtime_Startup_startMods__I.1)
                  0000b6b4    00000010     PWD_Util.obj (.text:BLE_ClearEvents)
                  0000b6c4    00000010     RFCC26XX_singleMode.obj (.text:FsmDispatch)
                  0000b6d4    00000010     icall_api.obj (.text:GAP_EndDiscoverable)
                  0000b6e4    00000010     icall_api.obj (.text:GAP_UpdateLinkParamReq)
                  0000b6f4    00000010     icall_api.obj (.text:GAP_UpdateLinkParamReqReply)
                  0000b704    00000010     gattservapp_util.obj (.text:GATTServApp_ReadCharCfg)
                  0000b714    00000010     icall_api.obj (.text:HCI_LE_ReadMaxDataLenCmd)
                  0000b724    00000010     icall_cc2650.obj (.text:ICallPlatform_pwrGetXOSCStartupTime)
                  0000b734    00000010     icall.obj (.text:ICall_primGetTickPeriod)
                  0000b744    00000010     icall.obj (.text:ICall_taskEntry)
                  0000b754    00000010     driverlib.lib : rfc.obj (.text:NOROM_RFCRfTrimSet)
                  0000b764    00000010                   : setup.obj (.text:NOROM_SetupGetTrimForXoscHfFastStart)
                  0000b774    00000010                   : setup.obj (.text:NOROM_SetupGetTrimForXoscHfIbiastherm)
                  0000b784    00000010     util.obj (.text:Util_isActive)
                  0000b794    00000010     rom_sysbios.aem3 : rom_sysbios.obj (.text:ti_sysbios_family_arm_m3_Hwi_post__E)
                  0000b7a4    00000010     UARTCC26XX.obj (.text:uartPostNotify)
                  0000b7b4    0000000e     icall_cc2650.obj (.text:ICallPlatform_pwrGetTransitionState)
                  0000b7c2    0000000e     icall_cc2650.obj (.text:ICallPlatform_pwrIsStableXOSCHF)
                  0000b7d0    0000000e     icall.obj (.text:ICall_primDisableMInt)
                  0000b7de    0000000e     icall.obj (.text:ICall_primEnableMInt)
                  0000b7ec    00000008     (.tramp.ti_sysbios_family_arm_m3_Hwi_enableFxn__E.1)
                  0000b7f4    00000008     (.tramp.ti_sysbios_knl_Task_enable__E.1)
                  0000b7fc    0000000e     icall.obj (.text:ICall_primFreeMsg)
                  0000b80a    0000000e     icall.obj (.text:ICall_primGetTicks)
                  0000b818    0000000e     driverlib.lib : setup.obj (.text:NOROM_SetupSignExtendVddrTrimValue)
                  0000b826    0000000e                   : vims.obj (.text:NOROM_VIMSModeGet)
                  0000b834    0000000e     util.obj (.text:Util_constructQueue)
                  0000b842    00000002     --HOLE-- [fill = 0]
                  0000b844    00000008     (.tramp.ti_sysbios_knl_Queue_construct.1)
                  0000b84c    0000000e     rtsv7M3_T_le_eabi.lib : copy_decompress_none.obj (.text:decompress:none)
                  0000b85a    0000000e     icall_api.obj (.text:matchGSARegisterServiceCS)
                  0000b868    0000000e     icall_api.obj (.text:matchGapLinkEstCS)
                  0000b876    0000000e     icall_api.obj (.text:matchGattSendRspCS)
                  0000b884    0000000e     icall_api.obj (.text:matchLinkDBGetInfoCS)
                  0000b892    0000000e     icall_api.obj (.text:matchLinkDBNumActiveCS)
                  0000b8a0    0000000e     icall_api.obj (.text:matchLinkDBNumConnsCS)
                  0000b8ae    0000000e     icall_api.obj (.text:setDispatchCmdEvtHdr)
                  0000b8bc    0000000e     rom_sysbios.aem3 : rom_sysbios.obj (.text:ti_sysbios_family_arm_cc26xx_TimestampProvider_get32__E)
                  0000b8ca    00000002     --HOLE-- [fill = 0]
                  0000b8cc    0000000c     RFCC26XX_singleMode.obj (.text:FsmNextState)
                  0000b8d8    0000000c     icall_api.obj (.text:GAP_MakeDiscoverable)
                  0000b8e4    0000000c     icall_api.obj (.text:GAP_TerminateAuth)
                  0000b8f0    0000000c     icall.obj (.text:ICall_clockFunc)
                  0000b8fc    0000000c     icall.obj (.text:ICall_primDisableInt)
                  0000b908    00000008     (.tramp.ti_sysbios_hal_Hwi_disableInterrupt__E.1)
                  0000b910    0000000c     icall.obj (.text:ICall_primEnableInt)
                  0000b91c    00000008     (.tramp.ti_sysbios_hal_Hwi_enableInterrupt__E.1)
                  0000b924    0000000c     icall.obj (.text:ICall_primFree)
                  0000b930    0000000c     icall.obj (.text:ICall_primSignal)
                  0000b93c    0000000c     driverlib.lib : cpu.obj (.text:NOROM_CPUcpsid)
                  0000b948    0000000c                   : cpu.obj (.text:NOROM_CPUcpsie)
                  0000b954    0000000c     PhynUart.obj (.text:PWD_New_Gap_State)
                  0000b960    0000000c     drivers_cc26xxware.aem3 : PowerCC26XX.oem3 (.text:Power_getConstraintMask)
                  0000b96c    0000000c                             : PowerCC26XX.oem3 (.text:Power_getDependencyCount)
                  0000b978    0000000c                             : PowerCC26XX.oem3 (.text:Power_getTransitionState)
                  0000b984    0000000c     PhynUart.obj (.text:UART_Read_Is_Finished)
                  0000b990    0000000c     PhynUart.obj (.text:UART_Write_Is_Finished)
                  0000b99c    0000000c     PhynUart.obj (.text:Uart_Tx_Callback)
                  0000b9a8    0000000c     rtsv7M3_T_le_eabi.lib : copy_zero_init.obj (.text:decompress:ZI)
                  0000b9b4    0000000c     icall_api.obj (.text:matchProfileSetParamCS)
                  0000b9c0    0000000c     rom_sysbios.aem3 : rom_sysbios.obj (.text:ti_sysbios_BIOS_getThreadType__E)
                  0000b9cc    0000000c                      : rom_sysbios_config.obj (.text:ti_sysbios_hal_Hwi_Params__init__S)
                  0000b9d8    00000008     (.tramp.xdc_runtime_Core_assignParams__I.1)
                  0000b9e0    0000000c                      : rom_sysbios.obj (.text:ti_sysbios_knl_Swi_getTrigger__E)
                  0000b9ec    0000000c     Phyn_BLE_pem3.oem3 (.text:xdc_runtime_Startup_reset__I)
                  0000b9f8    0000000c     rom_sysbios.aem3 : rom_sysbios.obj (.text:xdc_runtime_Startup_rtsDone__E)
                  0000ba04    0000000a     icall_cc2650.obj (.text:ICallPlatform_pwrSwitchXOSCHF)
                  0000ba0e    0000000a     icall.obj (.text:ICall_primE2S)
                  0000ba18    0000000a     drivers_cc26xxware.aem3 : List.oem3 (.text:List_empty)
                  0000ba22    0000000a     UART.obj (.text:UART_control)
                  0000ba2c    0000000a     UART.obj (.text:UART_write)
                  0000ba36    00000008     icall_api.obj (.text:GAP_RegisterForMsgs)
                  0000ba3e    00000008     icall_api.obj (.text:GATT_RegisterForMsgs)
                  0000ba46    00000008     RFCC26XX_singleMode.obj (.text:RF_flushCmd)
                  0000ba4e    00000008     simple_peripheral.obj (.text:SimpleBLEPeripheral_stateChangeCB)
                  0000ba56    00000008     icall_api.obj (.text:matchHciExtConnEventNoticeCS)
                  0000ba5e    00000008     icall_api.obj (.text:matchHciExtSetScaCS)
                  0000ba66    00000008     icall_api.obj (.text:matchHciLeReadMaxDataLenCS)
                  0000ba6e    00000008     icall_api.obj (.text:matchHciReadRssiCS)
                  0000ba76    00000008     UARTCC26XX.obj (.text:readSemCallback)
                  0000ba7e    00000008     rtsv7M3_T_le_eabi.lib : s_copysign.obj (.text)
                  0000ba86    00000008     UARTCC26XX.obj (.text:writeSemCallback)
                  0000ba8e    00000006     icall.obj (.text:ICall_mallocImpl)
                  0000ba94    00000006     UARTCC26XX.obj (.text:UARTCC26XX_readPolling)
                  0000ba9a    00000006     UARTCC26XX.obj (.text:UARTCC26XX_writePolling)
                  0000baa0    00000006     RFCC26XX_singleMode.obj (.text:clkInactivityFxn)
                  0000baa6    00000006     icall_api.obj (.text:matchBondMgrSetParamCS)
                  0000baac    00000006     icall_api.obj (.text:matchGGSSetParamCS)
                  0000bab2    00000006     icall_api.obj (.text:matchGapConnParamUpdateReplyCS)
                  0000bab8    00000006     icall_api.obj (.text:matchGapDeviceInitCS)
                  0000babe    00000006     icall_api.obj (.text:matchGapEndDiscoverableCS)
                  0000bac4    00000006     icall_api.obj (.text:matchGapGetParamCS)
                  0000baca    00000006     icall_api.obj (.text:matchGapMakeDiscoverableCS)
                  0000bad0    00000006     icall_api.obj (.text:matchGapSetParamCS)
                  0000bad6    00000006     icall_api.obj (.text:matchGapTerminateAuthCS)
                  0000badc    00000006     icall_api.obj (.text:matchGapTerminateLinkReqCS)
                  0000bae2    00000006     icall_api.obj (.text:matchGapUpdateAdvDataCS)
                  0000bae8    00000006     icall_api.obj (.text:matchGapUpdateLinkParamReqCS)
                  0000baee    00000006     icall_api.obj (.text:matchUtilNvReadCS)
                  0000baf4    00000006     icall_api.obj (.text:matchUtilNvWriteCS)
                  0000bafa    00000006     rom_sysbios.aem3 : rom_sysbios.obj (.text:ti_sysbios_family_arm_m3_Hwi_setFunc__E)
                  0000bb00    00000004     tirtosport.aem3 : HwiP_tirtos.oem3 (.text:HwiP_disable)
                  0000bb04    00000004     icall.obj (.text:ICall_primAbort)
                  0000bb08    00000004     drivers_cc26xxware.aem3 : List.oem3 (.text:List_head)
                  0000bb0c    00000004                             : List.oem3 (.text:List_next)
                  0000bb10    00000004     RFCC26XX_singleMode.obj (.text:Q_peek)
                  0000bb14    00000004     util.obj (.text:Util_startClock)
                  0000bb18    00000004     util.obj (.text:Util_stopClock)
                  0000bb1c    00000004     drivers_cc26xxware.aem3 : PowerCC26XX.oem3 (.text:nopResourceHandler)
                  0000bb20    00000004     rom_sysbios.aem3 : rom_sysbios.obj (.text:ti_sysbios_family_arm_cc26xx_Timer_getCount64__E)
                  0000bb24    00000004                      : rom_sysbios.obj (.text:ti_sysbios_knl_Clock_isActive__E)
                  0000bb28    00000008     (.tramp.ti_sysbios_knl_Task_startup__E.1)
                  0000bb30    00000008     (.tramp.ti_sysbios_knl_Swi_startup__E.1)
                  0000bb38    00000008     (.tramp.ti_sysbios_hal_Hwi_startup__E.1)
                  0000bb40    00000008     (.tramp.ti_sysbios_family_arm_cc26xx_Timer_startup__E.1)
                  0000bb48    00000008     (.tramp.xdc_runtime_System_atexit__E.1)
                  0000bb50    00000008     (.tramp.ti_sysbios_BIOS_setThreadType__E.1)
                  0000bb58    00000008     (.tramp.ti_sysbios_knl_Queue_put__E.1)
                  0000bb60    00000008     (.tramp.ti_sysbios_hal_Hwi_create.1)
                  0000bb68    00000008     (.tramp.xdc_runtime_System_exit__E.1)
                  0000bb70    00000008     (.tramp.ti_sysbios_knl_Task_construct.1)
                  0000bb78    00000008     (.tramp.ti_sysbios_knl_Clock_destruct.1)
                  0000bb80    00000008     (.tramp.ti_sysbios_knl_Semaphore_destruct.1)
                  0000bb88    00000008     (.tramp.ti_sysbios_knl_Swi_destruct.1)
                  0000bb90    00000008     (.tramp.ti_sysbios_family_arm_m3_Hwi_destruct.1)
                  0000bb98    00000008     (.tramp.ti_sysbios_knl_Task_create.1)
                  0000bba0    00000008     (.tramp.ti_sysbios_knl_Task_Params__init__S.1)
                  0000bba8    00000008     (.tramp.ti_sysbios_knl_Clock_scheduleNextTick__E.1)
                  0000bbb0    00000008     (.tramp.ti_sysbios_knl_Clock_walkQueueDynamic__E.1)
                  0000bbb8    00000008     (.tramp.ti_sysbios_knl_Clock_TimerProxy_getCurrentTick__E.1)
                  0000bbc0    00000008     (.tramp.ti_sysbios_knl_Clock_create.1)
                  0000bbc8    00000008     (.tramp.ti_sysbios_knl_Semaphore_create.1)
                  0000bbd0    00000008     (.tramp.ti_sysbios_BIOS_getCpuFreq__E.1)
                  0000bbd8    00000008     (.tramp.ti_sysbios_family_arm_m3_Hwi_enableInterrupt__E.1)
                  0000bbe0    00000008     (.tramp.ti_sysbios_knl_Semaphore_post__E.1)
                  0000bbe8    00000008     (.tramp.ti_sysbios_knl_Clock_getTicks__E.1)
                  0000bbf0    00000008     (.tramp.ti_sysbios_knl_Task_self__E.1)
                  0000bbf8    00000008     (.tramp.ti_sysbios_knl_Semaphore_pend__E.1)
                  0000bc00    00000008     (.tramp.ti_sysbios_knl_Swi_post__E.1)
                  0000bc08    00000008     (.tramp.ti_sysbios_knl_Queue_empty__E.1)
                  0000bc10    00000008     (.tramp.ti_sysbios_knl_Clock_construct.1)
                  0000bc18    00000008     (.tramp.ti_sysbios_knl_Clock_Params__init__S.1)
                  0000bc20    00000008     (.tramp.xdc_runtime_System_abortSpin__E.1)
                  0000bc28    00000008     (.tramp.ti_sysbios_knl_Swi_construct.1)
                  0000bc30    00000008     (.tramp.ti_sysbios_knl_Swi_Params__init__S.1)
                  0000bc38    00000008     (.tramp.ti_sysbios_family_arm_m3_Hwi_construct.1)
                  0000bc40    00000008     (.tramp.ti_sysbios_family_arm_m3_Hwi_Params__init__S.1)
                  0000bc48    00000008     (.tramp.ti_sysbios_knl_Semaphore_construct.1)
                  0000bc50    00000008     (.tramp.ti_sysbios_knl_Semaphore_Params__init__S.1)
                  0000bc58    00000008     (.tramp.ti_sysbios_knl_Swi_restore__E.1)
                  0000bc60    00000008     (.tramp.ti_sysbios_knl_Swi_disable__E.1)
                  0000bc68    00000008     (.tramp.ti_sysbios_BIOS_start__E.1)
                  0000bc70    00000008     (.tramp.ti_sysbios_knl_Clock_start__E.1)
                  0000bc78    00000008     (.tramp.ti_sysbios_knl_Clock_setTimeout__E.1)
                  0000bc80    00000008     (.tramp.ti_sysbios_family_arm_m3_Hwi_restoreFxn__E.1)
                  0000bc88    00000008     (.tramp.ti_sysbios_family_arm_m3_Hwi_disableFxn__E.1)
                  0000bc90    00000008     (.tramp.ti_sysbios_knl_Task_restore__E.1)
                  0000bc98    00000008     (.tramp.ti_sysbios_knl_Task_disable__E.1)

.const     0    0000bca0    0000054a     
                  0000bca0    00000101     rtsv7M3_T_le_eabi.lib : ctype.obj (.const:.string:_ctypes_)
                  0000bda1    00000002     PhynGatt.obj (.const:.string:APV_UUID)
                  0000bda3    00000001     Phyn_BLE_pem3.oem3 (.const:xdc_runtime_Text_charTab__A)
                  0000bda4    000000b4     icall.obj (.const:ICall_primSvcFuncs)
                  0000be58    0000004c     drivers_cc26xxware.aem3 : PowerCC26XX.oem3 (.const:resourceDB)
                  0000bea4    0000004c     ble_user_config.obj (.const:rfDriverTable)
                  0000bef0    0000004b     main.obj (.const:sAppAssertMsg)
                  0000bf3b    00000001     --HOLE-- [fill = 0]
                  0000bf3c    00000048     Phyn_BLE_pem3.oem3 (.const:.string)
                  0000bf84    00000040     main.obj (.const:.string:$P$T0$1)
                  0000bfc4    00000028     UARTCC26XX.obj (.const:UARTCC26XX_fxnTable)
                  0000bfec    00000025     main.obj (.const:.string:sNoWatchdogMsg)
                  0000c011    00000002     PhynGatt.obj (.const:.string:CCD_UUID)
                  0000c013    00000001     --HOLE-- [fill = 0]
                  0000c014    00000024     UART.obj (.const:UART_defaultParams)
                  0000c038    00000024     Phyn_BLE_pem3.oem3 (.const:xdc_runtime_Startup_sfxnTab__A)
                  0000c05c    0000001e     ble_user_config.obj (.const:txPowerTable)
                  0000c07a    00000002     PhynGatt.obj (.const:.string:CLA_UUID)
                  0000c07c    00000018     PWD_Board.obj (.const:UART_config)
                  0000c094    00000018     PWD_Board.obj (.const:uartCC26XXHWAttrs)
                  0000c0ac    00000014     UARTCC26XX.obj (.const:$P$T0$1)
                  0000c0c0    00000014     PWD_Board.obj (.const:BoardGpioInitTable)
                  0000c0d4    00000014     RFCC26XX_singleMode.obj (.const:RF_defaultParams)
                  0000c0e8    00000014     UARTCC26XX.obj (.const:parityType)
                  0000c0fc    00000012     Phyn_BLE_pem3.oem3 (.const:xdc_runtime_Startup_sfxnRts__A)
                  0000c10e    00000002     PhynGatt.obj (.const:.string:CLE_UUID)
                  0000c110    00000010     PWD_Board.obj (.const:PowerCC26XX_config)
                  0000c120    00000010     PWD_Board.obj (.const:TRNGCC26XX_config)
                  0000c130    00000010     UARTCC26XX.obj (.const:dataLength)
                  0000c140    0000000e     PhynSerial.obj (.const:.string:sNotConnected)
                  0000c14e    00000002     PhynGatt.obj (.const:.string:CLID_UUID)
                  0000c150    0000000c     icall.obj (.const:ICall_taskEntryFuncs)
                  0000c15c    0000000c     PhynGatt.obj (.const:PhynRdWrCBs)
                  0000c168    0000000c     ble_user_config.obj (.const:trngDriverTable)
                  0000c174    0000000c     Phyn_BLE_pem3.oem3 (.const:xdc_runtime_Startup_firstFxns__A)
                  0000c180    00000008     PWD_Board.obj (.const:PINCC26XX_hwAttrs)
                  0000c188    00000008     PhynGatt.obj (.const:PhynProfileService)
                  0000c190    00000008     UARTCC26XX.obj (.const:stopBits)
                  0000c198    00000006     ble_user_config.obj (.const:txPwrTbl)
                  0000c19e    00000004     PhynGatt.obj (.const:.string:$P$T0$1)
                  0000c1a2    00000002     PhynGatt.obj (.const:.string:CLS_UUID)
                  0000c1a4    00000004     icall.obj (.const:ICall_threadPriorities)
                  0000c1a8    00000004     icall.obj (.const:ICall_threadStackSizes)
                  0000c1ac    00000004     PWD_Board.obj (.const:RFCC26XX_hwAttrs)
                  0000c1b0    00000004     PWD_Board.obj (.const:TRNGCC26XXHWAttrs)
                  0000c1b4    00000004     icall_cc2650.obj (.const:events$1)
                  0000c1b8    00000004     icall.obj (.const:icall_threadEntries)
                  0000c1bc    00000004     Phyn_BLE_pem3.oem3 (.const:ti_sysbios_knl_Clock_tickPeriod__C)
                  0000c1c0    00000004     Phyn_BLE_pem3.oem3 (.const:ti_sysbios_knl_Clock_triggerClock__C)
                  0000c1c4    00000004     Phyn_BLE_pem3.oem3 (.const:ti_sysbios_knl_Idle_funcList__A)
                  0000c1c8    00000002     PhynGatt.obj (.const:.string:CMD_UUID)
                  0000c1ca    00000002     PhynGatt.obj (.const:.string:FWV_UUID)
                  0000c1cc    00000002     PhynGatt.obj (.const:.string:Msg_From_App_UUID)
                  0000c1ce    00000002     PhynGatt.obj (.const:.string:Msg_To_App_Counter_UUID)
                  0000c1d0    00000002     PhynGatt.obj (.const:.string:Msg_To_App_UUID)
                  0000c1d2    00000002     PhynGatt.obj (.const:.string:PPH_UUID)
                  0000c1d4    00000002     PhynGatt.obj (.const:.string:PhynProfileUUID)
                  0000c1d6    00000002     PhynGatt.obj (.const:.string:SRC_UUID)
                  0000c1d8    00000002     PhynGatt.obj (.const:.string:SRD_UUID)
                  0000c1da    00000002     PhynGatt.obj (.const:.string:SSID_UUID)
                  0000c1dc    00000002     PhynGatt.obj (.const:.string:SSN_UUID)
                  0000c1de    00000002     PhynGatt.obj (.const:.string:STA_UUID)
                  0000c1e0    00000002     PhynGatt.obj (.const:.string:TZN_UUID)
                  0000c1e2    00000002     gatt_uuid.obj (.const:.string:charUserDescUUID)
                  0000c1e4    00000002     gatt_uuid.obj (.const:.string:characterUUID)
                  0000c1e6    00000002     gatt_uuid.obj (.const:.string:primaryServiceUUID)
                  0000c1e8    00000002     simple_peripheral.obj (.const)

.cinit     0    0000c1f0    000004c8     
                  0000c1f0    00000378     (.cinit..data.load) [load image, compression = lzss]
                  0000c568    0000002b     (.cinit..data:ti_sysbios_family_arm_m3_Hwi_Module__state__V.load) [load image, compression = lzss]
                  0000c593    00000021     (.cinit..data:ti_sysbios_knl_Task_Module__state__V.load) [load image, compression = lzss]
                  0000c5b4    0000001f     (.cinit..data:ti_sysbios_BIOS_Module__state__V.load) [load image, compression = lzss]
                  0000c5d3    0000001e     (.cinit..data:ti_sysbios_knl_Clock_Module__state__V.load) [load image, compression = lzss]
                  0000c5f1    00000010     (.cinit..data:ti_sysbios_knl_Swi_Module__state__V.load) [load image, compression = lzss]
                  0000c601    00000003     --HOLE-- [fill = 0]
                  0000c604    0000000c     (__TI_handler_table)
                  0000c610    0000000b     (.cinit..data:ti_sysbios_family_arm_cc26xx_Timer_Module__state__V.load) [load image, compression = lzss]
                  0000c61b    00000005     --HOLE-- [fill = 0]
                  0000c620    00000008     (.cinit..bss.load) [load image, compression = zero_init]
                  0000c628    00000008     (.cinit..data:xdc_runtime_Memory_Module__state__V.load) [load image, compression = lzss]
                  0000c630    00000008     (.cinit..vtable_ram.load) [load image, compression = zero_init]
                  0000c638    00000007     (.cinit..data:ti_sysbios_family_arm_cc26xx_TimestampProvider_Module__state__V.load) [load image, compression = lzss]
                  0000c63f    00000007     (.cinit..data:xdc_runtime_Startup_Module__state__V.load) [load image, compression = lzss]
                  0000c646    00000007     (.cinit..data:xdc_runtime_System_Module__state__V.load) [load image, compression = lzss]
                  0000c64d    00000003     --HOLE-- [fill = 0]
                  0000c650    00000068     (__TI_cinit_table)

.init_array 
*          0    00000000    00000000     UNINITIALIZED

.resetVecs 
*          0    00000000    0000003c     
                  00000000    0000003c     Phyn_BLE_pem3.oem3 (.resetVecs)

.const:ti_sysbios_knl_Task_Object__PARAMS__C 
*          0    00000100    0000003c     
                  00000100    0000003c     Phyn_BLE_pem3.oem3 (.const:ti_sysbios_knl_Task_Object__PARAMS__C)

.const:ti_sysbios_knl_Mailbox_Object__PARAMS__C 
*          0    0000013c    00000034     
                  0000013c    00000034     Phyn_BLE_pem3.oem3 (.const:ti_sysbios_knl_Mailbox_Object__PARAMS__C)

.const:ti_sysbios_family_arm_m3_Hwi_Object__PARAMS__C 
*          0    00000170    00000030     
                  00000170    00000030     Phyn_BLE_pem3.oem3 (.const:ti_sysbios_family_arm_m3_Hwi_Object__PARAMS__C)

.const:ti_sysbios_hal_Hwi_Object__PARAMS__C 
*          0    000001a0    0000002c     
                  000001a0    0000002c     Phyn_BLE_pem3.oem3 (.const:ti_sysbios_hal_Hwi_Object__PARAMS__C)

.const:ti_sysbios_heaps_HeapMem_Module__FXNS__C 
*          0    000001cc    00000028     
                  000001cc    00000028     Phyn_BLE_pem3.oem3 (.const:ti_sysbios_heaps_HeapMem_Module__FXNS__C)

.const:ti_sysbios_knl_Swi_Object__PARAMS__C 
*          0    000001f4    00000028     
                  000001f4    00000028     Phyn_BLE_pem3.oem3 (.const:ti_sysbios_knl_Swi_Object__PARAMS__C)

.const:ti_sysbios_gates_GateHwi_Module__FXNS__C 
*          0    0000021c    00000024     
                  0000021c    00000024     Phyn_BLE_pem3.oem3 (.const:ti_sysbios_gates_GateHwi_Module__FXNS__C)

.const:ti_sysbios_gates_GateMutex_Module__FXNS__C 
*          0    00000240    00000024     
                  00000240    00000024     Phyn_BLE_pem3.oem3 (.const:ti_sysbios_gates_GateMutex_Module__FXNS__C)

.const:ti_sysbios_heaps_HeapMem_Object__PARAMS__C 
*          0    00000264    00000024     
                  00000264    00000024     Phyn_BLE_pem3.oem3 (.const:ti_sysbios_heaps_HeapMem_Object__PARAMS__C)

.const:ti_sysbios_knl_Clock_Object__PARAMS__C 
*          0    00000288    00000024     
                  00000288    00000024     Phyn_BLE_pem3.oem3 (.const:ti_sysbios_knl_Clock_Object__PARAMS__C)

.const:ti_sysbios_knl_Semaphore_Object__PARAMS__C 
*          0    000002ac    00000024     
                  000002ac    00000024     Phyn_BLE_pem3.oem3 (.const:ti_sysbios_knl_Semaphore_Object__PARAMS__C)

.const:ti_sysbios_family_arm_m3_Hwi_Object__DESC__C 
*          0    000002d0    00000020     
                  000002d0    00000020     Phyn_BLE_pem3.oem3 (.const:ti_sysbios_family_arm_m3_Hwi_Object__DESC__C)

.const:ti_sysbios_gates_GateHwi_Object__DESC__C 
*          0    000002f0    00000020     
                  000002f0    00000020     Phyn_BLE_pem3.oem3 (.const:ti_sysbios_gates_GateHwi_Object__DESC__C)

.const:ti_sysbios_gates_GateMutex_Object__DESC__C 
*          0    00000310    00000020     
                  00000310    00000020     Phyn_BLE_pem3.oem3 (.const:ti_sysbios_gates_GateMutex_Object__DESC__C)

.const:ti_sysbios_hal_Hwi_Object__DESC__C 
*          0    00000330    00000020     
                  00000330    00000020     Phyn_BLE_pem3.oem3 (.const:ti_sysbios_hal_Hwi_Object__DESC__C)

.const:ti_sysbios_heaps_HeapMem_Object__DESC__C 
*          0    00000350    00000020     
                  00000350    00000020     Phyn_BLE_pem3.oem3 (.const:ti_sysbios_heaps_HeapMem_Object__DESC__C)

.const:ti_sysbios_knl_Clock_Object__DESC__C 
[...]
200001f0  xdc_runtime_Startup_Module__state__V                                      
200001f8  xdc_runtime_System_Module__state__V                                       
20000200  xdc_runtime_Memory_Module__state__V                                       
20000590  PowerCC26XX_module                                                        
200006a0  sMsgFromApp                                                               
200007a8  sMsgToApp                                                                 
200008b0  rfRegTbl                                                                  
20000904  ti_sysbios_knl_Task_Object__table__V                                      
20000950  ti_sysbios_family_arm_cc26xx_Timer_Object__table__V                       
20000998  ti_sysbios_gates_GateMutex_Object__table__V                               
200009d0  ti_sysbios_knl_Swi_Module_State_0_readyQ__A                               
20000a00  ti_sysbios_knl_Swi_Object__table__V                                       
20000a30  ti_sysbios_knl_Task_Module_State_0_readyQ__A                              
20000a60  user0Cfg                                                                  
20000a90  uATT_MTU                                                                  
20000a9c  dispHandle                                                                
20000abc  cCLA                                                                      
20000ae7  cCLID                                                                     
20000b10  uGapTaskStackUsedBytes                                                    
20000b14  fGapStackUsedPct                                                          
20000b18  uGapTaskStackUsedPtr                                                      
20000b1c  uAppTaskStackUsedBytes                                                    
20000b20  fAppStackUsedPct                                                          
20000b24  uAppTaskStackUsedPtr                                                      
20000b28  uUartTaskStackUsedBytes                                                   
20000b2c  fUartStackUsedPct                                                         
20000b30  uUartTaskStackUsedPtr                                                     
20000b34  uPartialTxIdx                                                             
20000b38  cMsgFromAppProps                                                          
20000b39  cMsgToAppCtrProps                                                         
20000b3a  cMsgToAppProps                                                            
20000b3b  cTZN_Props                                                                
20000b3c  cCCD_Props                                                                
20000b3d  cSSID_Props                                                               
20000b3e  cPPH_Props                                                                
20000b3f  cCLID_Props                                                               
20000b40  cCLS_Props                                                                
20000b41  cCLE_Props                                                                
20000b42  cCLA_Props                                                                
20000b43  cAPV_Props                                                                
20000b44  cCMD_Props                                                                
20000b45  cSTA_Props                                                                
20000b46  cFWV_Props                                                                
20000b47  cSSN_Props                                                                
20000b48  cSRD_Props                                                                
20000b49  cSRC_Props                                                                
20000b4c  bNewAppField                                                              
20000b58  sSR_Data                                                                  
20000b7b  cCLS                                                                      
20000b9c  ti_sysbios_knl_Clock_Object__table__V                                     
20000bfc  bUARTReadFinished                                                         
20000c00  bUARTWriteFinished                                                        
20000c04  bUARTRxError                                                              
20000c08  bKA_Time                                                                  
20000c0c  bSolicitedMsgPend                                                         
20000c10  bUnsolicitedMsgPend                                                       
20000c14  bUnsolicitedMsgsOn                                                        
20000c34  ti_sysbios_family_arm_m3_Hwi_Object__table__V                             
20000c4c  ti_sysbios_heaps_HeapMem_Object__table__V                                 
20000c64  sBLE_FW_Version                                                           
20000c75  attDeviceName                                                             
20000c91  sSR_Count                                                                 
20000c94  __TI_cleanup_ptr                                                          
20000c98  __TI_dtors_ptr                                                            
20000c9c  __TI_enable_exit_profile_output                                           
20000ca0  ICall_enterCriticalSection                                                
20000ca4  ICall_leaveCriticalSection                                                
20000ca8  ICall_dispatcher                                                          
20000cac  lastAppOpcodeSent                                                         
20000cb0  pfnBMAlloc                                                                
20000cb4  pfnBMFree                                                                 
20000cb8  bCommandProcessed                                                         
20000cbc  bAppMessageRead                                                           
20000cc0  bIDSet                                                                    
20000cd5  sTZN_Desc                                                                 
20000cde  ti_sysbios_family_arm_m3_Hwi_Module_State_0_excActive__A                  
20000ce0  _lock                                                                     
20000ce4  _unlock                                                                   
20000ce8  bTenConsecutiveZeros                                                      
20000cec  uConsecutiveZeroCounter                                                   
20000cf8  uTimer_Value                                                              
20000cfc  bHeartbeatEnable                                                          
20000d08  ti_sysbios_family_arm_m3_Hwi_Module__root__V                              
20000d10  ti_sysbios_gates_GateHwi_Module__root__V                                  
20000d18  ti_sysbios_gates_GateMutex_Module__root__V                                
20000d20  ti_sysbios_hal_Hwi_Module__root__V                                        
20000d28  ti_sysbios_heaps_HeapMem_Module__root__V                                  
20000d30  ti_sysbios_knl_Clock_Module__root__V                                      
20000d38  ti_sysbios_knl_Mailbox_Module__root__V                                    
20000d40  ti_sysbios_knl_Queue_Module__root__V                                      
20000d48  ti_sysbios_knl_Semaphore_Module__root__V                                  
20000d50  ti_sysbios_knl_Swi_Module__root__V                                        
20000d58  ti_sysbios_knl_Task_Module__root__V                                       
20000d67  cAPV                                                                      
20000d70  halAssertCback                                                            
20000d74  assertSubcause                                                            
20000d75  legacyMode                                                                
20000d90  appAssertCback                                                            
20000d94  cCLE                                                                      
20000d98  errno                                                                     
20000d9c  main_func_sp                                                              
20000da0  ti_sysbios_family_arm_m3_Hwi_Module_State_0_excContext__A                 
20000da4  ti_sysbios_family_arm_m3_Hwi_Module_State_0_excStack__A                   
20000da8  ti_sysbios_knl_Task_Module_State_0_idleTask__A                            
20000db0  ti_sysbios_heaps_HeapMem_Instance_State_0_buf__A                          
20001430  UartTaskStack                                                             
200018e0  gapRoleTaskStack                                                          
20001d90  SerRxBuf                                                                  
20002190  sCommandLn                                                                
20002590  sbpTaskStack                                                              
20002978  uartCC26XXObjects                                                         
20002a8c  sSolicitedMsg                                                             
20002b94  sUnsolicitedMsg                                                           
20002da0  ti_sysbios_knl_Task_Instance_State_0_stack__A                             
20002ea0  sMsg                                                                      
20002fa0  ti_sysbios_family_arm_m3_Hwi_dispatchTable                                
20003068  PIN_HandleTable                                                           
200030e4  sAppUpdateMsg                                                             
2000314c  gapRoleTask                                                               
2000319c  sbpTask                                                                   
200031ec  zUartTaskStruct                                                           
20003284  cPPH                                                                      
200032c8  sTZN                                                                      
200034e8  cSSID                                                                     
2000350c  zMsgTimeoutClock                                                          
20003530  zUARTParams                                                               
200035d4  cGapMsgHist                                                               
200035f4  cStateLog                                                                 
20003684  sScanName                                                                 
20003700  injectCalibrationPowerNotifyObj                                           
20003734  cSSN                                                                      
20003750  cFWV                                                                      
20003770  GapTaskHandle                                                             
20003774  HEAPMGR_SIZE                                                              
20003778  PIN_NumPins                                                               
2000377c  UARTsem                                                                   
20003780  bNewAppMsg                                                                
20003784  bPartialMsgToAppInPrg                                                     
20003788  bRxTerm                                                                   
2000378c  bStack100Pct                                                              
20003790  bStack75Pct                                                               
20003794  bStack90Pct                                                               
20003798  bStack95Pct                                                               
2000379c  cCCD                                                                      
200037a0  cpCurrentUARTRxBuffer                                                     
200037a4  fStackUsedPct                                                             
200037a8  hUARTHandle                                                               
200037ac  trngCC26XXObjects                                                         
200037b0  uAppCRC                                                                   
200037b4  uAppCRC1                                                                  
200037b8  uAppEventCounter                                                          
200037bc  uAppTaskCounter                                                           
200037c0  uBLEStackCRC                                                              
200037c4  uCPURev                                                                   
200037c8  uCodeCRC                                                                  
200037cc  uCurrentUARTReadSize                                                      
200037d0  uGapEventCounter                                                          
200037d4  uLastUartBytesRead                                                        
200037d8  uLowestWDValue                                                            
200037dc  uNVDCRC                                                                   
200037e0  uStackSizeBytes                                                           
200037e4  uStackTopAddr                                                             
200037e8  uStackUsedBytes                                                           
200037ec  uUartEventCounter                                                         
200037f0  uUartTaskCounter                                                          
200037f4  uGapConnHandle                                                            
200037f6  UARTEntityID                                                              
200037f7  bClearEvents                                                              
200037f8  cCMD                                                                      
200037f9  cGapMsgHistCtr                                                            
200037fa  cMsgToAppCtr                                                              
200037fb  cSTA                                                                      
200037fc  cStateLogCtr                                                              
200037fd  driverlib_release_0_46593                                                 
200037fe  eGapState                                                                 
200037ff  linkDBNumConns                                                            
20003800  rssi                                                                      
20003801  uHCICount                                                                 
20003900  g_pfnRAMVectors                                                           
200039c8  heapStart                                                                 
20003e98  __stack                                                                   
20003e98  heapEnd                                                                   
20004348  __STACK_END                                                               
20004348  __STACK_TOP                                                               
20004f2c  A4_rw                                                                     
20004f2c  COMMON_RAM_BASE_ADDR                                                      
20004f40  P2_rw                                                                     
20004f40  P2_s0                                                                     
20004f40  eccRom_windowSize                                                         
20004f44  eccRom_workzone                                                           
20004f48  eccRom_param_p                                                            
20004f4c  eccRom_param_r                                                            
20004f50  eccRom_param_a                                                            
20004f54  inScalar                                                                  
20004f58  inPointX                                                                  
20004f5c  inPointY                                                                  
20004f60  outPointX                                                                 
20004f64  outPointY                                                                 
20004f68  SCAL                                                                      
20004f6c  EXPX                                                                      
20004f70  EXPY                                                                      
20004f74  EXPZ                                                                      
20004f78  EXPW                                                                      
20004f7c  ACCX                                                                      
20004f80  ACCY                                                                      
20004f84  ACCZ                                                                      
20004f88  TMP1                                                                      
20004f8c  TMP2                                                                      
20004f90  TMP3                                                                      
20004f94  TMP4                                                                      
20004f98  TMP5                                                                      
20004f9c  TMP6                                                                      
20004fa0  eccRom_param_Gx                                                           
20004fa4  eccRom_param_Gy                                                           
20004fa8  eccRom_param_b                                                            
20004fac  P2_zi                                                                     
20004fac  ratChanInfo                                                               
20004fcc  fwInfoCmd                                                                 
20004fd8  MSBMOD                                                                    
20004fdc  aux64                                                                     
20004fe4  MOD                                                                       
20004fe8  LEN                                                                       
20004ffc  pSspAesEncrypt_Sw                                                         
e000e000  ti_sysbios_family_arm_m3_Hwi_nvic                                         
ffffffff  __TI_pprof_out_hndl                                                       
ffffffff  __TI_prof_data_size                                                       
ffffffff  __TI_prof_data_start                                                      
ffffffff  __binit__                                                                 
ffffffff  __c_args__                                                                
ffffffff  binit                                                                     
UNDEFED   SHT$$INIT_ARRAY$$Base                                                     
UNDEFED   SHT$$INIT_ARRAY$$Limit                                                    

[1245 symbols]
