******************************************************************************
                  TI ARM Linker PC v16.9.6                     
******************************************************************************
>> Linked Mon Jun 25 16:01:18 2018

OUTPUT FILE NAME:   <simple_peripheral_cc2650lp_app.out>
ENTRY POINT SYMBOL: "ResetISR"  address: 0000971d


MEMORY CONFIGURATION

         name            origin    length      used     unused   attr    fill
----------------------  --------  ---------  --------  --------  ----  --------
  FLASH                 00000000   0000f000  0000c8aa  00002756  R  X
  FLASH_LAST_PAGE       0001f000   00001000  00001000  00000000  R  X  ffffffff 
  SRAM                  20000000   00004348  00003c44  00000704  RW X


SEGMENT ALLOCATION MAP

run origin  load origin   length   init length attrs members
----------  ----------- ---------- ----------- ----- -------
00000000    00000000    0000003c   0000003c    r--
  00000000    00000000    0000003c   0000003c    r-- .resetVecs
00000100    00000100    0000c880   0000c880    r-x
  00000100    00000100    0000003c   0000003c    r-- .const:ti_sysbios_knl_Task_Object__PARAMS__C
  0000013c    0000013c    00000034   00000034    r-- .const:ti_sysbios_knl_Mailbox_Object__PARAMS__C
  00000170    00000170    00000030   00000030    r-- .const:ti_sysbios_family_arm_m3_Hwi_Object__PARAMS__C
  000001a0    000001a0    0000002c   0000002c    r-- .const:ti_sysbios_hal_Hwi_Object__PARAMS__C
  000001cc    000001cc    00000028   00000028    r-- .const:ti_sysbios_heaps_HeapMem_Module__FXNS__C
  000001f4    000001f4    00000028   00000028    r-- .const:ti_sysbios_knl_Swi_Object__PARAMS__C
  0000021c    0000021c    00000024   00000024    r-- .const:ti_sysbios_gates_GateHwi_Module__FXNS__C
  00000240    00000240    00000024   00000024    r-- .const:ti_sysbios_gates_GateMutex_Module__FXNS__C
  00000264    00000264    00000024   00000024    r-- .const:ti_sysbios_heaps_HeapMem_Object__PARAMS__C
  00000288    00000288    00000024   00000024    r-- .const:ti_sysbios_knl_Clock_Object__PARAMS__C
  000002ac    000002ac    00000024   00000024    r-- .const:ti_sysbios_knl_Semaphore_Object__PARAMS__C
  000002d0    000002d0    00000020   00000020    r-- .const:ti_sysbios_family_arm_m3_Hwi_Object__DESC__C
  000002f0    000002f0    00000020   00000020    r-- .const:ti_sysbios_gates_GateHwi_Object__DESC__C
  00000310    00000310    00000020   00000020    r-- .const:ti_sysbios_gates_GateMutex_Object__DESC__C
  00000330    00000330    00000020   00000020    r-- .const:ti_sysbios_hal_Hwi_Object__DESC__C
  00000350    00000350    00000020   00000020    r-- .const:ti_sysbios_heaps_HeapMem_Object__DESC__C
  00000370    00000370    00000020   00000020    r-- .const:ti_sysbios_knl_Clock_Object__DESC__C
  00000390    00000390    00000020   00000020    r-- .const:ti_sysbios_knl_Mailbox_Object__DESC__C
  000003b0    000003b0    00000020   00000020    r-- .const:ti_sysbios_knl_Queue_Object__DESC__C
  000003d0    000003d0    00000020   00000020    r-- .const:ti_sysbios_knl_Semaphore_Object__DESC__C
  000003f0    000003f0    00000020   00000020    r-- .const:ti_sysbios_knl_Swi_Object__DESC__C
  00000410    00000410    00000020   00000020    r-- .const:ti_sysbios_knl_Task_Object__DESC__C
  00000430    00000430    00000018   00000018    r-- .const:ti_sysbios_gates_GateHwi_Object__PARAMS__C
  00000448    00000448    00000018   00000018    r-- .const:ti_sysbios_gates_GateMutex_Object__PARAMS__C
  00000460    00000460    00000018   00000018    r-- .const:ti_sysbios_knl_Queue_Object__PARAMS__C
  00000478    00000478    00000008   00000008    r-- .const:ti_sysbios_knl_Idle_funcList__C
  00000484    00000484    00000004   00000004    r-- .const:ti_sysbios_family_arm_cc26xx_Timer_startupNeeded__C
  00000488    00000488    00000004   00000004    r-- .const:ti_sysbios_family_arm_m3_Hwi_E_alreadyDefined__C
  0000048c    0000048c    00000004   00000004    r-- .const:ti_sysbios_family_arm_m3_Hwi_E_hwiLimitExceeded__C
  00000490    00000490    00000004   00000004    r-- .const:ti_sysbios_family_arm_m3_Hwi_NUM_INTERRUPTS__C
  00000494    00000494    00000004   00000004    r-- .const:ti_sysbios_family_arm_m3_Hwi_Object__count__C
  00000498    00000498    00000004   00000004    r-- .const:ti_sysbios_family_arm_m3_Hwi_Object__table__C
  0000049c    0000049c    00000004   00000004    r-- .const:ti_sysbios_family_arm_m3_Hwi_ccr__C
  000004a0    000004a0    00000004   00000004    r-- .const:ti_sysbios_family_arm_m3_Hwi_excHandlerFunc__C
  000004a4    000004a4    00000004   00000004    r-- .const:ti_sysbios_family_arm_m3_Hwi_nullIsrFunc__C
  000004a8    000004a8    00000004   00000004    r-- .const:ti_sysbios_family_arm_m3_Hwi_numSparseInterrupts__C
  000004ac    000004ac    00000004   00000004    r-- .const:ti_sysbios_family_arm_m3_Hwi_priGroup__C
  000004b0    000004b0    00000004   00000004    r-- .const:ti_sysbios_family_arm_m3_TaskSupport_stackAlignment__C
  000004b4    000004b4    00000004   00000004    r-- .const:ti_sysbios_heaps_HeapMem_E_memory__C
  000004b8    000004b8    00000004   00000004    r-- .const:ti_sysbios_heaps_HeapMem_Module__gateObj__C
  000004bc    000004bc    00000004   00000004    r-- .const:ti_sysbios_heaps_HeapMem_Object__count__C
  000004c0    000004c0    00000004   00000004    r-- .const:ti_sysbios_heaps_HeapMem_Object__table__C
  000004c4    000004c4    00000004   00000004    r-- .const:ti_sysbios_heaps_HeapMem_reqAlign__C
  000004c8    000004c8    00000004   00000004    r-- .const:ti_sysbios_knl_Clock_serviceMargin__C
  000004cc    000004cc    00000004   00000004    r-- .const:ti_sysbios_knl_Mailbox_Object__count__C
  000004d0    000004d0    00000004   00000004    r-- .const:ti_sysbios_knl_Mailbox_Object__table__C
  000004d4    000004d4    00000004   00000004    r-- .const:ti_sysbios_knl_Queue_Object__count__C
  000004d8    000004d8    00000004   00000004    r-- .const:ti_sysbios_knl_Queue_Object__table__C
  000004dc    000004dc    00000004   00000004    r-- .const:ti_sysbios_knl_Swi_Object__count__C
  000004e0    000004e0    00000004   00000004    r-- .const:ti_sysbios_knl_Swi_Object__table__C
  000004e4    000004e4    00000004   00000004    r-- .const:ti_sysbios_knl_Swi_numPriorities__C
  000004e8    000004e8    00000004   00000004    r-- .const:ti_sysbios_knl_Task_Object__count__C
  000004ec    000004ec    00000004   00000004    r-- .const:ti_sysbios_knl_Task_Object__table__C
  000004f0    000004f0    00000004   00000004    r-- .const:ti_sysbios_knl_Task_allBlockedFunc__C
  000004f4    000004f4    00000004   00000004    r-- .const:ti_sysbios_knl_Task_defaultStackHeap__C
  000004f8    000004f8    00000004   00000004    r-- .const:ti_sysbios_knl_Task_defaultStackSize__C
  000004fc    000004fc    00000004   00000004    r-- .const:ti_sysbios_knl_Task_numConstructedTasks__C
  00000502    00000502    00000002   00000002    r-- .const:ti_sysbios_family_arm_cc26xx_Timer_Module__id__C
  00000504    00000504    00000002   00000002    r-- .const:ti_sysbios_family_arm_cc26xx_TimestampProvider_useClockTimer__C
  00000506    00000506    00000002   00000002    r-- .const:ti_sysbios_family_arm_m3_Hwi_Module__id__C
  00000508    00000508    00000002   00000002    r-- .const:ti_sysbios_gates_GateHwi_Module__id__C
  0000050a    0000050a    00000002   00000002    r-- .const:ti_sysbios_gates_GateMutex_Module__id__C
  0000050c    0000050c    00000002   00000002    r-- .const:ti_sysbios_heaps_HeapMem_Module__id__C
  0000050e    0000050e    00000002   00000002    r-- .const:ti_sysbios_knl_Task_initStackFlag__C
  00000510    00000510    00000001   00000001    r-- .const:ti_sysbios_knl_Clock_tickMode__C
  00000514    00000514    00000008   00000008    r-- .const:xdc_runtime_Startup_firstFxns__C
  0000051c    0000051c    00000008   00000008    r-- .const:xdc_runtime_Startup_lastFxns__C
  00000524    00000524    00000004   00000004    r-- .const:xdc_runtime_Assert_E_assertFailed__C
  00000528    00000528    00000004   00000004    r-- .const:xdc_runtime_Error_E_memory__C
  0000052c    0000052c    00000004   00000004    r-- .const:xdc_runtime_Error_policyFxn__C
  00000530    00000530    00000004   00000004    r-- .const:xdc_runtime_IGateProvider_Interface__BASE__C
  00000534    00000534    00000004   00000004    r-- .const:xdc_runtime_IHeap_Interface__BASE__C
  00000538    00000538    00000004   00000004    r-- .const:xdc_runtime_IModule_Interface__BASE__C
  0000053c    0000053c    00000004   00000004    r-- .const:xdc_runtime_Main_Module__diagsEnabled__C
  00000540    00000540    00000004   00000004    r-- .const:xdc_runtime_Main_Module__diagsIncluded__C
  00000544    00000544    00000004   00000004    r-- .const:xdc_runtime_Main_Module__diagsMask__C
  00000548    00000548    00000004   00000004    r-- .const:xdc_runtime_Memory_defaultHeapInstance__C
  0000054c    0000054c    00000004   00000004    r-- .const:xdc_runtime_Startup_execImpl__C
  00000550    00000550    00000004   00000004    r-- .const:xdc_runtime_Startup_maxPasses__C
  00000554    00000554    00000004   00000004    r-- .const:xdc_runtime_Startup_sfxnRts__C
  00000558    00000558    00000004   00000004    r-- .const:xdc_runtime_Startup_sfxnTab__C
  0000055c    0000055c    00000004   00000004    r-- .const:xdc_runtime_Startup_startModsFxn__C
  00000560    00000560    00000004   00000004    r-- .const:xdc_runtime_SysCallback_abortFxn__C
  00000564    00000564    00000004   00000004    r-- .const:xdc_runtime_SysCallback_exitFxn__C
  00000568    00000568    00000004   00000004    r-- .const:xdc_runtime_System_abortFxn__C
  0000056c    0000056c    00000004   00000004    r-- .const:xdc_runtime_System_exitFxn__C
  00000570    00000570    00000004   00000004    r-- .const:xdc_runtime_System_maxAtexitHandlers__C
  00000574    00000574    00000004   00000004    r-- .const:xdc_runtime_Text_charTab__C
  00000578    00000578    00000004   00000004    r-- .const:xdc_runtime_Text_nameEmpty__C
  0000057c    0000057c    00000004   00000004    r-- .const:xdc_runtime_Text_nameStatic__C
  00000580    00000580    00000004   00000004    r-- .const:xdc_runtime_Text_nameUnknown__C
  00000584    00000584    00000002   00000002    r-- .const:xdc_runtime_Main_Module__id__C
  00000586    00000586    00000002   00000002    r-- .const:xdc_runtime_Memory_Module__id__C
  00000588    00000588    00000002   00000002    r-- .const:xdc_runtime_Text_charCnt__C
  0000058a    0000058a    00000002   00000002    r-- .const:xdc_runtime_Text_isLoaded__C
  0000058c    0000058c    00000001   00000001    r-- .const:xdc_runtime_Error_policy__C
  00000590    00000590    00000004   00000004    r-- .const:ti_sysbios_rom_ROM_AONRTCChannelEnable
  00000594    00000594    00000004   00000004    r-- .const:ti_sysbios_rom_ROM_AONRTCCompareValueSet
  00000598    00000598    00000004   00000004    r-- .const:ti_sysbios_rom_ROM_AONRTCCurrentCompareValueGet
  0000059c    0000059c    00000004   00000004    r-- .const:ti_sysbios_rom_ROM_AONRTCEventClear
  000005a0    000005a0    00000004   00000004    r-- .const:ti_sysbios_rom_ROM_ti_sysbios_family_arm_cc26xx_Timer_getCount64__E
  000005a4    000005a4    00000004   00000004    r-- .const:ti_sysbios_rom_ROM_ti_sysbios_family_arm_cc26xx_Timer_getCurrentTick__E
  000005a8    000005a8    00000004   00000004    r-- .const:ti_sysbios_rom_ROM_ti_sysbios_family_arm_cc26xx_Timer_getMaxTicks__E
  000005ac    000005ac    00000004   00000004    r-- .const:ti_sysbios_rom_ROM_ti_sysbios_family_arm_cc26xx_Timer_initDevice__I
  000005b0    000005b0    00000004   00000004    r-- .const:ti_sysbios_rom_ROM_ti_sysbios_family_arm_cc26xx_Timer_setNextTick__E
  000005b4    000005b4    00000004   00000004    r-- .const:ti_sysbios_rom_ROM_ti_sysbios_family_arm_cc26xx_Timer_setThreshold__I
  000005b8    000005b8    00000004   00000004    r-- .const:ti_sysbios_rom_ROM_ti_sysbios_family_arm_cc26xx_Timer_start__E
  000005bc    000005bc    00000004   00000004    r-- .const:ti_sysbios_rom_ROM_ti_sysbios_family_arm_cc26xx_TimestampProvider_get32__E
  000005c0    000005c0    00000004   00000004    r-- .const:ti_sysbios_rom_ROM_xdc_runtime_Startup_getState__I
  000005c4    000005c4    00000004   00000004    r-- .const:ti_sysbios_rom_ROM_xdc_runtime_System_SupportProxy_abort__E
  000005c8    000005c8    00000004   00000004    r-- .const:ti_sysbios_rom_ROM_xdc_runtime_System_SupportProxy_exit__E
  000005cc    000005cc    00000004   00000004    r-- .const:ti_sysbios_gates_GateMutex_Instance_State_sem__O
  000005d0    000005d0    00000004   00000004    r-- .const:ti_sysbios_knl_Clock_Module_State_clockQ__O
  000005d4    000005d4    00000004   00000004    r-- .const:ti_sysbios_knl_Mailbox_Instance_State_dataQue__O
  000005d8    000005d8    00000004   00000004    r-- .const:ti_sysbios_knl_Mailbox_Instance_State_dataSem__O
  000005dc    000005dc    00000004   00000004    r-- .const:ti_sysbios_knl_Mailbox_Instance_State_freeQue__O
  000005e0    000005e0    00000004   00000004    r-- .const:ti_sysbios_knl_Mailbox_Instance_State_freeSem__O
  000005e4    000005e4    00000004   00000004    r-- .const:ti_sysbios_knl_Semaphore_Instance_State_pendQ__O
  000005e8    000005e8    00000004   00000004    r-- .const:ti_sysbios_knl_Task_Module_State_inactiveQ__O
  000005ec    000005ec    0000ba00   0000ba00    r-x .text
  0000bfec    0000bfec    000004d6   000004d6    r-- .const
  0000c4c8    0000c4c8    000004b8   000004b8    r-- .cinit
0001f000    0001f000    00001000   00001000    r--
  0001f000    0001f000    00000fa8   00000fa8    r-- $fill000
  0001ffa8    0001ffa8    00000058   00000058    r-- .ccfg
20000100    20000100    00000104   00000000    rw-
  20000100    20000100    00000044   00000000    rw- .data:ti_sysbios_knl_Task_Module__state__V
  20000144    20000144    00000034   00000000    rw- .data:ti_sysbios_family_arm_m3_Hwi_Module__state__V
  20000178    20000178    0000002c   00000000    rw- .data:ti_sysbios_knl_Clock_Module__state__V
  200001a4    200001a4    00000024   00000000    rw- .data:ti_sysbios_BIOS_Module__state__V
  200001c8    200001c8    0000001c   00000000    rw- .data:ti_sysbios_knl_Swi_Module__state__V
  200001e4    200001e4    00000008   00000000    rw- .data:ti_sysbios_family_arm_cc26xx_Timer_Module__state__V
  200001ec    200001ec    00000004   00000000    rw- .data:ti_sysbios_family_arm_cc26xx_TimestampProvider_Module__state__V
  200001f0    200001f0    00000008   00000000    rw- .data:xdc_runtime_Startup_Module__state__V
  200001f8    200001f8    00000008   00000000    rw- .data:xdc_runtime_System_Module__state__V
  20000200    20000200    00000004   00000000    rw- .data:xdc_runtime_Memory_Module__state__V
20000300    20000300    000034ee   00000000    rw-
  20000300    20000300    00000aac   00000000    rw- .data
  20000db0    20000db0    00002a3e   00000000    rw- .bss
20003800    20003800    000000c8   00000000    rw-
  20003800    20003800    000000c8   00000000    rw- .vtable_ram
20003e98    20003e98    000004b0   00000000    rw-
  20003e98    20003e98    000004b0   00000000    rw- .stack


SECTION ALLOCATION MAP

 output                                  attributes/
section   page    origin      length       input sections
--------  ----  ----------  ----------   ----------------
.text      0    000005ec    0000ba00     
                  000005ec    00001106     rtsv7M3_T_le_eabi.lib : _printfi.obj (.text)
                  000016f2    00000002     ble_user_config.obj (.text:DefaultAssertCback)
                  000016f4    00000b14     PhynSerial.obj (.text:Process_Serial_Command)
                  00002208    000003cc     peripheral.obj (.text:gapRole_processGAPMsg)
                  000025d4    0000037c     RFCC26XX_singleMode.obj (.text:fsmActiveState)
                  00002950    00000334     simple_peripheral.obj (.text:Sys_Checks)
                  00002c84    00000320     peripheral.obj (.text:GAPRole_SetParameter)
                  00002fa4    0000027c     main.obj (.text:main)
                  00003220    00000228     drivers_cc26xxware.aem3 : PowerCC26XX.oem3 (.text:Power_sleep)
                  00003448    00000204     driverlib.lib : sys_ctrl.obj (.text:NOROM_SysCtrlSetRechargeBeforePowerDown)
                  0000364c    000001f4     rtsv7M3_T_le_eabi.lib : ull_div_t2.obj (.text)
                  00003840    000001ec     RFCC26XX_singleMode.obj (.text:abortCmd)
                  00003a2c    000001dc     RFCC26XX_singleMode.obj (.text:RF_postCmd)
                  00003c08    000001d0     drivers_cc26xxware.aem3 : PowerCC26XX_calibrateRCOSC.oem3 (.text:calibrateRcoscHf1)
                  00003dd8    000001bc     peripheral.obj (.text:GAPRole_GetParameter)
                  00003f94    000001b8     PWD_Util.obj (.text:BLE_StackCheck)
                  0000414c    000001b6     rtsv7M3_T_le_eabi.lib : fd_add_t2.obj (.text)
                  00004302    00000002     driverlib.lib : rfc.obj (.text:NOROM_RFCAdi3VcoLdoVoltageMode)
                  00004304    000001b0     PINCC26XX.obj (.text:PIN_init)
                  000044b4    00000194     simple_peripheral.obj (.text:SimpleBLEPeripheral_taskFxn)
                  00004648    00000184     drivers_cc26xxware.aem3 : PowerCC26XX_calibrateRCOSC.oem3 (.text:PowerCC26XX_doCalibrate)
                  000047cc    00000184     UARTCC26XX.obj (.text:UARTCC26XX_open)
                  00004950    00000180     PhynGatt.obj (.text:PhynProfile_WriteAttrCB)
                  00004ad0    00000174     PhynSerial.obj (.text:UART_Post_State)
                  00004c44    00000154     peripheral.obj (.text:gapRole_taskFxn)
                  00004d98    00000136     rtsv7M3_T_le_eabi.lib : fd_div_t2.obj (.text)
                  00004ece    00000002     driverlib.lib : rfc.obj (.text:NOROM_RFCRTrim)
                  00004ed0    00000130                   : setup.obj (.text:NOROM_SetupAfterColdResetWakeupFromShutDownCfg3)
                  00005000    00000128     RFCC26XX_singleMode.obj (.text:rf_init)
                  00005128    00000124     main.obj (.text:StackAssertHandler)
                  0000524c    00000120     RFCC26XX_singleMode.obj (.text:hwiFxnCpe0Active)
                  0000536c    0000011c     drivers_cc26xxware.aem3 : PowerCC26XX.oem3 (.text:Power_init)
                  00005488    00000114     simple_peripheral.obj (.text:GAP_Setup)
                  0000559c    00000114     UARTCC26XX.obj (.text:UARTCC26XX_hwiIntFxn)
                  000056b0    00000114     UARTCC26XX.obj (.text:UARTCC26XX_write)
                  000057c4    00000104     RFCC26XX_singleMode.obj (.text:fsmSetupState)
                  000058c8    00000100     PhynGatt.obj (.text:PhynProfile_ReadAttrCB)
                  000059c8    00000100     peripheral.obj (.text:gapRole_init)
                  00005ac8    000000fc     rtsv7M3_T_le_eabi.lib : fd_mul_t2.obj (.text)
                  00005bc4    000000ea     icall.obj (.text:ICall_primWaitMatch)
                  00005cae    00000002     RFCC26XX_singleMode.obj (.text:defaultErrCb)
                  00005cb0    000000e4     driverlib.lib : setup.obj (.text:NOROM_SetupAfterColdResetWakeupFromShutDownCfg2)
                  00005d94    000000dc     PhynGatt.obj (.text:Update_Attribute_From_App)
                  00005e70    000000d4     PhynGatt.obj (.text:InitAppFields)
                  00005f44    000000d4     drivers_cc26xxware.aem3 : PowerCC26XX.oem3 (.text:Power_releaseDependency)
                  00006018    000000d4     PhynUart.obj (.text:UART_taskFxn)
                  000060ec    000000d0     drivers_cc26xxware.aem3 : PowerCC26XX.oem3 (.text:Power_setDependency)
                  000061bc    000000d0     RFCC26XX_singleMode.obj (.text:fsmPowerUpState)
                  0000628c    000000d0     rtsv7M3_T_le_eabi.lib : s_scalbn.obj (.text)
                  0000635c    000000cc     driverlib.lib : setup.obj (.text:TrimAfterColdResetWakeupFromShutDown)
                  00006428    000000c8     RFCC26XX_singleMode.obj (.text:RF_open)
                  000064f0    000000c8     UARTCC26XX.obj (.text:UARTCC26XX_initHw)
                  000065b8    000000c4     PWD_Util.obj (.text:BLE_EnableBootloader)
                  0000667c    000000c4     PhynUart.obj (.text:Init_PWD_UART)
                  00006740    000000c4     simple_peripheral.obj (.text:SimpleBLEPeripheral_init)
                  00006804    000000bc     power_cc26xx_tirtos.aem3 : PowerCC26XX_tirtos.oem3 (.text:PowerCC26XX_standbyPolicy)
                  000068c0    000000b0     PINCC26XX.obj (.text:PINCC26XX_setIoCfg)
                  00006970    000000b0     UARTCC26XX.obj (.text:UARTCC26XX_read)
                  00006a20    000000a8     RFCC26XX_singleMode.obj (.text:swiFxnHw)
                  00006ac8    000000a4     driverlib.lib : setup.obj (.text:NOROM_SetupTrimDevice)
                  00006b6c    000000a0     auto_init.aem3 : auto_init.oem3 (.text)
                  00006c0c    0000009c     icall.obj (.text:ICall_heapMalloc)
                  00006ca8    0000009c     icall.obj (.text:ICall_primSetTimer)
                  00006d44    0000009c     UARTCC26XX.obj (.text:UARTCC26XX_initIO)
                  00006de0    0000009c     rtsv7M3_T_le_eabi.lib : memcpy_t2.obj (.text)
                  00006e7c    00000098     simple_peripheral.obj (.text:Heartbeat_Service)
                  00006f14    00000098     rom_sysbios.aem3 : rom_sysbios.obj (.text:ti_sysbios_knl_Clock_workFuncDynamic__E)
                  00006fac    00000098     UARTCC26XX.obj (.text:writeFinishedDoCallback)
                  00007044    00000092     rtsv7M3_T_le_eabi.lib : fs_div_t2.obj (.text)
                  000070d6    00000002     drivers_cc26xxware.aem3 : PowerCC26XX.oem3 (.text:emptyClockFunc)
                  000070d8    00000090     PINCC26XX.obj (.text:PIN_open)
                  00007168    00000090     UARTCC26XX.obj (.text:UARTCC26XX_writeCancel)
                  000071f8    00000090     drivers_cc26xxware.aem3 : PowerCC26XX.oem3 (.text:switchXOSCHFclockFunc)
                  00007288    0000008c     driverlib.lib : osc.obj (.text:NOROM_OSCHF_GetStartupTime)
                  00007314    0000008c     PhynSerial.obj (.text:Send_Serial_Response_Msg)
                  000073a0    0000008c     TRNGCC26XX.obj (.text:TRNGCC26XX_getNumber)
                  0000742c    0000008c     UARTCC26XX.obj (.text:readData)
                  000074b8    00000088     icall.obj (.text:ICall_createRemoteTasks)
                  00007540    00000088     peripheral.obj (.text:gapRole_startConnUpdate)
                  000075c8    00000086     rtsv7M3_T_le_eabi.lib : fd_cmp_t2.obj (.text:__aeabi_cdcmple)
                  0000764e    00000086                           : fd_cmp_t2.obj (.text:__aeabi_cdrcmple)
                  000076d4    00000084     icall_cc2650.obj (.text:ICallPlatform_pwrUpdActivityCounter)
                  00007758    00000080     PWD_Util.obj (.text:BLE_SetupAndStartWatchdog)
                  000077d8    0000007c     RFCC26XX_singleMode.obj (.text:RF_pendCmd)
                  00007854    0000007c     drivers_cc26xxware.aem3 : PowerCC26XX.oem3 (.text:disableLFClockQualifiers)
                  000078d0    0000007c     UARTCC26XX.obj (.text:writeTxFifoFlush)
                  0000794c    0000007a     rtsv7M3_T_le_eabi.lib : fs_mul_t2.obj (.text)
                  000079c6    0000007a                           : memset_t2.obj (.text)
                  00007a40    00000078     icall.obj (.text:ICall_heapInit)
                  00007ab8    00000078     icall.obj (.text:ICall_primSend)
                  00007b30    00000078     driverlib.lib : setup.obj (.text:NOROM_SetupAfterColdResetWakeupFromShutDownCfg1)
                  00007ba8    00000074     drivers_cc26xxware.aem3 : PowerCC26XX_calibrateRCOSC.oem3 (.text:PowerCC26XX_auxISR)
                  00007c1c    00000074     UARTCC26XX.obj (.text:UARTCC26XX_close)
                  00007c90    00000074     drivers_cc26xxware.aem3 : PowerCC26XX_calibrateRCOSC.oem3 (.text:calibrateRcoscHf2)
                  00007d04    00000074     RFCC26XX_singleMode.obj (.text:fsmPowerDownState)
                  00007d78    00000074     rom_sysbios.aem3 : rom_sysbios.obj (.text:ti_sysbios_family_arm_cc26xx_Timer_start__E)
                  00007dec    00000070     icall.obj (.text:ICall_newTask)
                  00007e5c    00000070     icall.obj (.text:ICall_primEnroll)
                  00007ecc    00000070     driverlib.lib : chipinfo.obj (.text:NOROM_ChipInfo_GetHwRevision)
                  00007f3c    00000070     PhynUart.obj (.text:Start_UART_Read)
                  00007fac    0000006e     rtsv7M3_T_le_eabi.lib : fd_tos_t2.obj (.text)
                  0000801a    00000002     hal_assert.obj (.text:halAssertSpinlock)
                  0000801c    0000006c     driverlib.lib : setup.obj (.text:NOROM_SetupGetTrimForAmpcompCtrl)
                  00008088    0000006c     drivers_cc26xxware.aem3 : PowerCC26XX.oem3 (.text:PowerCC26XX_calibrate)
                  000080f4    0000006c     UARTCC26XX.obj (.text:UARTCC26XX_readCancel)
                  00008160    00000068     driverlib.lib : setup.obj (.text:NOROM_SetupGetTrimForAnabypassValue1)
                  000081c8    00000068                   : sys_ctrl.obj (.text:NOROM_SysCtrl_DCDC_VoltageConditionalControl)
                  00008230    00000068     rtsv7M3_T_le_eabi.lib : copy_decompress_lzss.obj (.text:decompress:lzss)
                  00008298    00000064     PhynSerial.obj (.text:UART_Unsolicited_Tx)
                  000082fc    00000064     RFCC26XX_singleMode.obj (.text:decActiveClientCnt)
                  00008360    00000060     PhynGatt.obj (.text:Gatt_SR_Tx)
                  000083c0    00000060     icall.obj (.text:ICall_primThreadServes)
                  00008420    00000060     PINCC26XX.obj (.text:PIN_remove)
                  00008480    00000060     drivers_cc26xxware.aem3 : PowerCC26XX_calibrateRCOSC.oem3 (.text:PowerCC26XX_RCOSC_clockFunc)
                  000084e0    00000060     simple_peripheral.obj (.text:Set_Scan_Response_Name)
                  00008540    00000060     rtsv7M3_T_le_eabi.lib : fs_cmp_t2.obj (.text:__aeabi_cfrcmple)
                  000085a0    00000060                           : sprintf.obj (.text)
                  00008600    00000060     drivers_cc26xxware.aem3 : PowerCC26XX_calibrateRCOSC.oem3 (.text:updateSubSecInc)
                  00008660    0000005c     PWD_Util.obj (.text:BLE_IncrementEventCount)
                  000086bc    0000005c     icall.obj (.text:ICall_primGetEntityId)
                  00008718    0000005c     driverlib.lib : osc.obj (.text:NOROM_OSCHF_AttemptToSwitchToXosc)
                  00008774    0000005c                   : sys_ctrl.obj (.text:NOROM_SysCtrlAdjustRechargeAfterPowerDown)
                  000087d0    0000005c     RFCC26XX_singleMode.obj (.text:RF_getCurrentTime)
                  0000882c    0000005c     RFCC26XX_singleMode.obj (.text:RF_getInfo)
                  00008888    0000005c     PhynSerial.obj (.text:Reset_Serial_Rx)
                  000088e4    0000005c     simple_peripheral.obj (.text:SimpleBLEPeripheral_processStateChangeEvt)
                  00008940    0000005c     rtsv7M3_T_le_eabi.lib : s_frexp.obj (.text)
                  0000899c    0000005c     Phyn_BLE_pem3.oem3 (.text:xdc_runtime_Startup_getState__I)
                  000089f8    00000058     icall_cc2650.obj (.text:ICallPlatform_pwrRegisterNotify)
                  00008a50    00000058     drivers_cc26xxware.aem3 : PowerCC26XX_calibrateRCOSC.oem3 (.text:PowerCC26XX_initiateCalibration)
                  00008aa8    00000058     UARTCC26XX.obj (.text:UARTCC26XX_control)
                  00008b00    00000058     RFCC26XX_singleMode.obj (.text:fsmXOSCState)
                  00008b58    00000054     PWD_Util.obj (.text:BLE_WatchdogExpired)
                  00008bac    00000054     gattservapp_util.obj (.text:GATTServApp_ProcessCCCWriteReq)
                  00008c00    00000054     icall.obj (.text:ICall_primRegisterApp)
                  00008c54    00000054     rcosc_calibration.obj (.text:RCOSC_enableCalibration)
                  00008ca8    00000054     simple_peripheral.obj (.text:SimpleBLEPeripheral_processGATTMsg)
                  00008cfc    00000054     util.obj (.text:Util_constructClock)
                  00008d50    00000054     drivers_cc26xxware.aem3 : PowerCC26XX.oem3 (.text:configureXOSCHF)
                  00008da4    00000054     RFCC26XX_singleMode.obj (.text:dispatchOpWhen)
                  00008df8    00000054     RFCC26XX_singleMode.obj (.text:hwiFxnHw)
                  00008e4c    00000054     rtsv7M3_T_le_eabi.lib : exit.obj (.text)
                  00008ea0    00000054                           : ltoa.obj (.text)
                  00008ef4    00000052     icall.obj (.text:ICall_primWait)
                  00008f46    00000002     rom_sysbios.aem3 : rom_sysbios.obj (.text:ti_sysbios_BIOS_linkedWithIncorrectBootLibrary__E)
                  00008f48    00000050     PWD_Util.obj (.text:BLE_SetDeviceName)
                  00008f98    00000050     icall_api.obj (.text:GAP_DeviceInit)
                  00008fe8    00000050     driverlib.lib : setup.obj (.text:NOROM_SetupSetCacheModeAccordingToCcfgSetting)
                  00009038    00000050     PhynUart.obj (.text:UART_Naked_Tx)
                  00009088    00000050     RFCC26XX_singleMode.obj (.text:applyRfCorePatch)
                  000090d8    00000050     peripheral.obj (.text:gapRole_processStackMsg)
                  00009128    00000050     RFCC26XX_singleMode.obj (.text:ratChanFree)
                  00009178    0000004c     driverlib.lib : osc.obj (.text:NOROM_OSCClockSourceSet)
                  000091c4    0000004c     UARTCC26XX.obj (.text:UARTCC26XX_swiIntFxn)
                  00009210    0000004c     PhynUart.obj (.text:UART_CreateTask)
                  0000925c    0000004c     rtsv7M3_T_le_eabi.lib : atoi.obj (.text)
                  000092a8    0000004c                           : cpy_tbl.obj (.text)
                  000092f4    0000004c     RFCC26XX_singleMode.obj (.text:syncCb)
                  00009340    00000048     peripheral.obj (.text:GAPRole_createTask)
                  00009388    00000048     icall_api.obj (.text:GAP_UpdateAdvertisingData)
                  000093d0    00000048     driverlib.lib : chipinfo.obj (.text:NOROM_ChipInfo_GetChipFamily)
                  00009418    00000048                   : ddi.obj (.text:NOROM_DDI16BitfieldWrite)
                  00009460    00000048                   : vims.obj (.text:NOROM_VIMSModeSafeSet)
                  000094a8    00000048     simple_peripheral.obj (.text:SimpleBLEPeripheral_sendAttRsp)
                  000094f0    00000048     drivers_cc26xxware.aem3 : PowerCC26XX.oem3 (.text:notify)
                  00009538    00000048     rtsv7M3_T_le_eabi.lib : fd_toi_t2.obj (.text)
                  00009580    00000048     UARTCC26XX.obj (.text:startTxFifoEmptyClk)
                  000095c8    00000044     icall_cc2650.obj (.text:ICallPlatform_pwrConfigACAction)
                  0000960c    00000044     icall.obj (.text:ICall_primCreateTask)
                  00009650    00000044     PINCC26XX.obj (.text:PIN_setOutputEnable)
                  00009694    00000044     PINCC26XX.obj (.text:PIN_swi)
                  000096d8    00000044     RFCC26XX_singleMode.obj (.text:RF_getRssi)
                  0000971c    00000044     boot.aem3 : boot.oem3 (.text)
                  00009760    00000042     icall_api.obj (.text:sendWaitMatchValueCS)
                  000097a2    00000002     Phyn_BLE_pem3.oem3 (.text:ti_sysbios_BIOS_nullFunc__I)
                  000097a4    00000040     icall_api.obj (.text:GAPBondMgr_LinkEst)
                  000097e4    00000040     icall_api.obj (.text:GAP_TerminateLinkReq)
                  00009824    00000040     icall_api.obj (.text:GATTServApp_RegisterService)
                  00009864    00000040     icall_api.obj (.text:ICall_waitMatch)
                  000098a4    00000040     driverlib.lib : ddi.obj (.text:NOROM_DDI16BitfieldRead)
                  000098e4    00000040     icall_api.obj (.text:sendWaitMatchCS)
                  00009924    0000003e     icall_api.obj (.text:gapSendParamAndPtrCmd)
                  00009962    00000002     rom_sysbios.aem3 : rom_sysbios.obj (.text:ti_sysbios_knl_Clock_triggerFunc__I)
                  00009964    0000003c     icall_api.obj (.text:GAP_GetParamValue)
                  000099a0    0000003c     driverlib.lib : osc.obj (.text:NOROM_OSC_HPOSCRelativeFrequencyOffsetGet)
                  000099dc    0000003c                   : rfc.obj (.text:NOROM_RFCSynthPowerDown)
                  00009a18    0000003c     RFCC26XX_singleMode.obj (.text:RF_runCmd)
                  00009a54    0000003c     simple_peripheral.obj (.text:SimpleBLEPeripheral_createTask)
                  00009a90    0000003c     icall_api.obj (.text:hciSendParamsCmd)
                  00009acc    0000003c     RFCC26XX_singleMode.obj (.text:postDirImmCmd)
                  00009b08    0000003a     RFCC26XX_singleMode.obj (.text:Q_push)
                  00009b42    00000002     Phyn_BLE_pem3.oem3 (.text:ti_sysbios_rom_cortexm_cc26xx_CC26xx_badRomRevision__E)
                  00009b44    00000038     icall_api.obj (.text:GAPBondMgr_SetParameter)
                  00009b7c    00000038     peripheral.obj (.text:GAPRole_SendUpdateParam)
                  00009bb4    00000038     icall_api.obj (.text:GATT_SendRsp)
                  00009bec    00000038     icall.obj (.text:ICall_heapFree)
                  00009c24    00000038     icall.obj (.text:ICall_init)
                  00009c5c    00000038     icall.obj (.text:ICall_primGetMaxMSecs)
                  00009c94    00000038     icall.obj (.text:ICall_searchTask)
                  00009ccc    00000038     PINCC26XX.obj (.text:PIN_setOutputValue)
                  00009d04    00000038     simple_peripheral.obj (.text:SimpleBLEPeripheral_performPeriodicTask)
                  00009d3c    00000038     UART.obj (.text:UART_init)
                  00009d74    00000038     icall_api.obj (.text:linkDB_NumActive)
                  00009dac    00000038     icall_api.obj (.text:linkDB_NumConns)
                  00009de4    00000038     icall_api.obj (.text:osal_snv_read)
                  00009e1c    00000038     icall_api.obj (.text:osal_snv_write)
                  00009e54    00000038     rtsv7M3_T_le_eabi.lib : fs_tod_t2.obj (.text)
                  00009e8c    00000038     rom_sysbios.aem3 : rom_sysbios.obj (.text:ti_sysbios_family_arm_cc26xx_Timer_getCurrentTick__E)
                  00009ec4    00000036     icall_api.obj (.text:gapSendParamsCmd)
                  00009efa    00000036     icall_api.obj (.text:gapSendPtrParamsCmd)
                  00009f30    00000036     rtsv7M3_T_le_eabi.lib : strncpy.obj (.text)
                  00009f66    00000002     rom_sysbios.aem3 : rom_sysbios.obj (.text:xdc_runtime_SysCallback_defaultAbort)
                  00009f68    00000034     icall_api.obj (.text:GAP_SetParamValue)
                  00009f9c    00000034     PhynSerial.obj (.text:Get_Simple_Text_Field)
                  00009fd0    00000034     peripheral.obj (.text:ICall_fetchServiceMsg)
                  0000a004    00000034     simple_peripheral.obj (.text:ICall_fetchServiceMsg)
                  0000a038    00000034     icall.obj (.text:ICall_searchServiceEntity)
                  0000a06c    00000034     driverlib.lib : interrupt.obj (.text:NOROM_IntRegister)
                  0000a0a0    00000034                   : osc.obj (.text:NOROM_OSCHF_SwitchToRcOscTurnOffXosc)
                  0000a0d4    00000034                   : trng.obj (.text:NOROM_TRNGConfigure)
                  0000a108    00000034     PINCC26XX.obj (.text:PIN_setConfig)
                  0000a13c    00000034     drivers_cc26xxware.aem3 : PowerCC26XX.oem3 (.text:PowerCC26XX_isStableXOSC_HF)
                  0000a170    00000034     simple_peripheral.obj (.text:SimpleBLEPeripheral_processAppMsg)
                  0000a1a4    00000034     UART.obj (.text:UART_open)
                  0000a1d8    00000034     util.obj (.text:Util_restartClock)
                  0000a20c    00000034     RFCC26XX_singleMode.obj (.text:getCmd)
                  0000a240    00000034     icall_api.obj (.text:linkDB_GetInfo)
                  0000a274    00000034     icall_api.obj (.text:registerTask)
                  0000a2a8    00000034     rom_sysbios.aem3 : rom_sysbios.obj (.text:ti_sysbios_family_arm_cc26xx_Timer_initDevice__I)
                  0000a2dc    00000034     UARTCC26XX.obj (.text:writeData)
                  0000a310    00000032     icall.obj (.text:ICall_msgEnqueue)
                  0000a342    00000032     icall.obj (.text:ICall_primFetchMsg)
                  0000a374    00000032     icall.obj (.text:ICall_primRegisterISR)
                  0000a3a6    00000032     icall.obj (.text:ICall_primRegisterISR_Ext)
                  0000a3d8    00000032     icall_api.obj (.text:matchGapSetGetParamCS)
                  0000a40a    00000032     icall_api.obj (.text:matchUtilNvCS)
                  0000a43c    00000032     rom_sysbios.aem3 : rom_sysbios.obj (.text:ti_sysbios_family_arm_cc26xx_Timer_setNextTick__E)
                  0000a46e    00000030     icall_cc2650.obj (.text:ICallPlatform_pwrNotify)
                  0000a49e    00000002     rom_sysbios.aem3 : rom_sysbios.obj (.text:xdc_runtime_SysCallback_defaultExit)
                  0000a4a0    00000030     icall.obj (.text:ICall_msecs2Ticks)
                  0000a4d0    00000030     driverlib.lib : setup.obj (.text:NOROM_SetupSetAonRtcSubSecInc)
                  0000a500    00000030     drivers_cc26xxware.aem3 : PowerCC26XX.oem3 (.text:Power_releaseConstraint)
                  0000a530    00000030                             : PowerCC26XX.oem3 (.text:Power_setConstraint)
                  0000a560    00000030     PhynUart.obj (.text:Uart_Rx_Callback)
                  0000a590    00000030     util.obj (.text:Util_enqueueMsg)
                  0000a5c0    00000030     RFCC26XX_singleMode.obj (.text:clkPowerUpFxn)
                  0000a5f0    00000030     peripheral.obj (.text:gapRole_HandleParamUpdateNoSuccess)
                  0000a620    00000030     peripheral.obj (.text:gapRole_SetupGAP)
                  0000a650    00000030     Phyn_BLE_pem3.oem3 (.text:ti_sysbios_BIOS_atExitFunc__I)
                  0000a680    00000030     Phyn_BLE_pem3.oem3 (.text:ti_sysbios_BIOS_startFunc__I)
                  0000a6b0    00000030     rom_sysbios.aem3 : rom_sysbios.obj (.text:ti_sysbios_family_arm_cc26xx_Timer_setThreshold__I)
                  0000a6e0    00000030     RFCC26XX_singleMode.obj (.text:updateImplicitState)
                  0000a710    0000002e     icall_cc2650.obj (.text:ICallPlatform_pwrDispenseImpl)
                  0000a73e    0000002e     icall_cc2650.obj (.text:ICallPlatform_pwrRequireImpl)
                  0000a76c    0000002e     rtsv7M3_T_le_eabi.lib : i_tofd_t2.obj (.text)
                  0000a79a    00000002     --HOLE-- [fill = 0]
                  0000a79c    0000002c     PWD_Util.obj (.text:BLE_HitWatchdog)
                  0000a7c8    0000002c     peripheral.obj (.text:GAPRole_TerminateConnection)
                  0000a7f4    0000002c     icall.obj (.text:ICall_primEntityId2ServiceId)
                  0000a820    0000002c     icall.obj (.text:ICall_primFetchServiceMsg)
                  0000a84c    0000002c     PhynUart.obj (.text:ICall_registerApp)
                  0000a878    0000002c     peripheral.obj (.text:ICall_registerApp)
                  0000a8a4    0000002c     simple_peripheral.obj (.text:ICall_registerApp)
                  0000a8d0    0000002c     icall_api.obj (.text:ICall_sendServiceMsg)
                  0000a8fc    0000002c     driverlib.lib : ddi.obj (.text:NOROM_DDI32RegWrite)
                  0000a928    0000002c                   : setup.obj (.text:NOROM_SetupGetTrimForRadcExtCfg)
                  0000a954    0000002c     PINCC26XX.obj (.text:PINCC26XX_setMux)
                  0000a980    0000002c     simple_peripheral.obj (.text:SimpleBLEPeripheral_enqueueMsg)
                  0000a9ac    0000002c     simple_peripheral.obj (.text:SimpleBLEPeripheral_freeAttRsp)
                  0000a9d8    0000002c     icall_api.obj (.text:hciSendCmd)
                  0000aa04    0000002c     rom_sysbios.aem3 : rom_sysbios.obj (.text:ti_sysbios_knl_Clock_getTicksUntilInterrupt__E)
                  0000aa30    0000002a     PWD_Util.obj (.text:ByteToAscii)
                  0000aa5a    0000002a     icall.obj (.text:ICall_msgDequeue)
                  0000aa84    0000002a     icall.obj (.text:ICall_msgPrepend)
                  0000aaae    0000002a     icall.obj (.text:ICall_primAllocMsg)
                  0000aad8    0000002a     TRNGCC26XX.obj (.text:TRNGCC26XX_isParamValid)
                  0000ab02    00000028     icall_api.obj (.text:GAPBondMgr_LinkTerm)
                  0000ab2a    00000002     --HOLE-- [fill = 0]
                  0000ab2c    00000028     simple_peripheral.obj (.text:HCI_Processor)
                  0000ab54    00000028     icall_api.obj (.text:ICall_allocMsg)
                  0000ab7c    00000028     icall_api.obj (.text:ICall_getEntityId)
                  0000aba4    00000028     icall_api.obj (.text:ICall_getLocalMsgEntityId)
                  0000abcc    00000028     simple_peripheral.obj (.text:ICall_malloc)
                  0000abf4    00000028     util.obj (.text:ICall_malloc)
                  0000ac1c    00000028     icall_api.obj (.text:ICall_threadServes)
                  0000ac44    00000028     driverlib.lib : aon_batmon.obj (.text:NOROM_AONBatMonTemperatureGetDegC)
                  0000ac6c    00000028     drivers_cc26xxware.aem3 : PowerCC26XX.oem3 (.text:PowerCC26XX_switchXOSC_HF)
                  0000ac94    00000028                             : PowerCC26XX.oem3 (.text:Power_registerNotify)
                  0000acbc    00000028     driverlib.lib : adi.obj (.text:SafeHapiVoid)
                  0000ace4    00000028     TRNGCC26XX.obj (.text:TRNGCC26XX_init)
                  0000ad0c    00000028     gattservapp_util.obj (.text:gattServApp_FindCharCfgItem)
                  0000ad34    00000028     icall_api.obj (.text:matchProfileCS)
                  0000ad5c    00000028     rtsv7M3_T_le_eabi.lib : strncmp.obj (.text)
                  0000ad84    00000026     PWD_Util.obj (.text:BLE_GetEventCount)
                  0000adaa    00000026     gattservapp_util.obj (.text:GATTServApp_WriteCharCfg)
                  0000add0    00000026     drivers_cc26xxware.aem3 : List.oem3 (.text:List_put)
                  0000adf6    00000026     simple_peripheral.obj (.text:SimpleBLEPeripheral_processStackMsg)
                  0000ae1c    00000026     icall_api.obj (.text:waitMatchCS)
                  0000ae42    00000002     --HOLE-- [fill = 0]
                  0000ae44    00000024     peripheral.obj (.text:GAPRole_StartDevice)
                  0000ae68    00000024     icall_api.obj (.text:HCI_EXT_ConnEventNoticeCmd)
                  0000ae8c    00000024     icall.obj (.text:ICall_abort)
                  0000aeb0    00000024     PINCC26XX.obj (.text:PINCC26XX_getPinCount)
                  0000aed4    00000024     drivers_cc26xxware.aem3 : PowerCC26XX.oem3 (.text:PowerCC26XX_injectCalibration)
                  0000aef8    00000024     PhynUart.obj (.text:UART_Start_Write)
                  0000af1c    00000024     RFCC26XX_singleMode.obj (.text:allocCmd)
                  0000af40    00000024     drivers_cc26xxware.aem3 : PowerCC26XX_calibrateRCOSC.oem3 (.text:getTdcSemaphore)
                  0000af64    00000024     hal_assert.obj (.text:halAssertHandlerExt)
                  0000af88    00000024     RFCC26XX_singleMode.obj (.text:hwiFxnCpe0PowerFsm)
                  0000afac    00000024     rtsv7M3_T_le_eabi.lib : u_tofs_t2.obj (.text)
                  0000afd0    00000024     Phyn_BLE_pem3.oem3 (.text:ti_sysbios_BIOS_registerRTSLock__I)
                  0000aff4    00000024     Phyn_BLE_pem3.oem3 (.text:ti_sysbios_BIOS_removeRTSLock__I)
                  0000b018    00000024     rom_sysbios.aem3 : rom_sysbios.obj (.text:ti_sysbios_family_arm_cc26xx_Timer_getMaxTicks__E)
                  0000b03c    00000022     icall.obj (.text:ICall_dispatch)
                  0000b05e    00000002     --HOLE-- [fill = 0]
                  0000b060    00000020     PWD_Util.obj (.text:BLE_GetDeviceName)
                  0000b080    00000020     PWD_Util.obj (.text:BLE_VerifyBootloaderIsEnabled)
                  0000b0a0    00000020     simple_peripheral.obj (.text:ICall_free)
                  0000b0c0    00000020     util.obj (.text:ICall_free)
                  0000b0e0    00000020     icall.obj (.text:ICall_freeMsg)
                  0000b100    00000020     icall_api.obj (.text:ICall_freeMsg)
                  0000b120    00000020     peripheral.obj (.text:ICall_freeMsg)
                  0000b140    00000020     simple_peripheral.obj (.text:ICall_freeMsg)
                  0000b160    00000020     icall.obj (.text:ICall_searchService)
                  0000b180    00000020     peripheral.obj (.text:ICall_wait)
                  0000b1a0    00000020     simple_peripheral.obj (.text:ICall_wait)
                  0000b1c0    00000020     driverlib.lib : rfc.obj (.text:NOROM_RFCDoorbellSendTo)
                  0000b1e0    00000020                   : rfc.obj (.text:NOROM_RFCRfTrimRead)
                  0000b200    00000020                   : setup.obj (.text:NOROM_SetupGetTrimForXoscHfCtl)
                  0000b220    00000020     drivers_cc26xxware.aem3 : PowerCC26XX.oem3 (.text:Power_unregisterNotify)
                  0000b240    00000020     TRNGCC26XX.obj (.text:TRNGCC26XX_open)
                  0000b260    00000020     rcosc_calibration.obj (.text:rcosc_injectCalibrationPostNotify)
                  0000b280    00000020     rtsv7M3_T_le_eabi.lib : strcat.obj (.text)
                  0000b2a0    00000020     Phyn_BLE_pem3.oem3 (.text:ti_sysbios_BIOS_rtsLock__I)
                  0000b2c0    00000008     (.tramp.ti_sysbios_BIOS_RtsGateProxy_enter__E.1)
                  0000b2c8    00000020     rom_sysbios.aem3 : rom_sysbios.obj (.text:ti_sysbios_family_arm_cc26xx_Timer_dynamicStub__E)
                  0000b2e8    00000020                      : rom_sysbios.obj (.text:ti_sysbios_knl_Clock_stop__E)
                  0000b308    0000001e     icall.obj (.text:ICall_primSendServiceMsg)
                  0000b326    0000001e     PINCC26XX.obj (.text:PIN_close)
                  0000b344    0000001e     drivers_cc26xxware.aem3 : PowerCC26XX.oem3 (.text:Power_getTransitionLatency)
                  0000b362    0000001e     icall_api.obj (.text:getStatusValueFromErrNo)
                  0000b380    0000001e     icall_api.obj (.text:matchHciCS)
                  0000b39e    00000002     --HOLE-- [fill = 0]
                  0000b3a0    0000001c     icall_api.obj (.text:HCI_EXT_SetSCACmd)
                  0000b3bc    0000001c     icall_api.obj (.text:HCI_ReadRssiCmd)
                  0000b3d8    0000001c     icall.obj (.text:ICall_primService)
                  0000b3f4    0000001c     driverlib.lib : flash.obj (.text:NOROM_FlashProgram)
                  0000b410    0000001c                   : flash.obj (.text:NOROM_FlashSectorErase)
                  0000b42c    0000001c                   : osc.obj (.text:NOROM_OSCClockSourceGet)
                  0000b448    0000001c                   : setup.obj (.text:NOROM_SetupGetTrimForAmpcompTh2)
                  0000b464    0000001c                   : setup.obj (.text:NOROM_SetupGetTrimForRcOscLfRtuneCtuneTrim)
                  0000b480    0000001c     PINCC26XX.obj (.text:PINCC26XX_setIoCfgMux)
                  0000b49c    0000001c     PINCC26XX.obj (.text:PIN_hwi)
                  0000b4b8    0000001c     PhynGatt.obj (.text:Phyn_AddServices)
                  0000b4d4    0000001c     PhynUart.obj (.text:UART_Send_Msg)
                  0000b4f0    0000001a     icall.obj (.text:ICall_enterCSImpl)
                  0000b50a    0000001a     icall.obj (.text:ICall_primMalloc)
                  0000b524    0000001a     icall.obj (.text:ICall_primSetTimerMSecs)
                  0000b53e    0000001a     drivers_cc26xxware.aem3 : List.oem3 (.text:List_remove)
                  0000b558    0000001a     util.obj (.text:Util_dequeueMsg)
                  0000b572    00000002     --HOLE-- [fill = 0]
                  0000b574    00000008     (.tramp.ti_sysbios_knl_Queue_get__E.1)
                  0000b57c    0000001a     rtsv7M3_T_le_eabi.lib : memccpy.obj (.text)
                  0000b596    00000002     --HOLE-- [fill = 0]
                  0000b598    00000018     icall_api.obj (.text:GATT_bm_free)
                  0000b5b0    00000018     icall_cc2650.obj (.text:ICallPlatform_pwrDispense)
                  0000b5c8    00000018     icall_cc2650.obj (.text:ICallPlatform_pwrRequire)
                  0000b5e0    00000018     icall.obj (.text:ICall_initPrim)
                  0000b5f8    00000018     driverlib.lib : aon_rtc.obj (.text:NOROM_AONRTCCurrentCompareValueGet)
                  0000b610    00000018                   : chipinfo.obj (.text:NOROM_ChipInfo_GetPackageType)
                  0000b628    00000018                   : osc.obj (.text:NOROM_OSCHF_TurnOnXosc)
                  0000b640    00000018                   : rfc.obj (.text:NOROM_RFCCpeIntGetAndClear)
                  0000b658    00000018                   : setup.obj (.text:NOROM_SetupGetTrimForAdcShModeEn)
                  0000b670    00000018                   : setup.obj (.text:NOROM_SetupGetTrimForAdcShVbufEn)
                  0000b688    00000018                   : setup.obj (.text:NOROM_SetupGetTrimForAmpcompTh1)
                  0000b6a0    00000018                   : setup.obj (.text:NOROM_SetupGetTrimForDblrLoopFilterResetVoltage)
                  0000b6b8    00000018                   : setup.obj (.text:NOROM_SetupGetTrimForRcOscLfIBiasTrim)
                  0000b6d0    00000018                   : setup.obj (.text:NOROM_SetupGetTrimForXoscLfRegulatorAndCmirrwrRatio)
                  0000b6e8    00000018                   : sys_ctrl.obj (.text:NOROM_SysCtrlResetSourceGet)
                  0000b700    00000018     drivers_cc26xxware.aem3 : PowerCC26XX.oem3 (.text:Power_idleFunc)
                  0000b718    00000018     RFCC26XX_singleMode.obj (.text:Q_pop)
                  0000b730    00000018     RFCC26XX_singleMode.obj (.text:RF_runDirectCmd)
                  0000b748    00000018     RFCC26XX_singleMode.obj (.text:RF_runImmediateCmd)
                  0000b760    00000018     simple_peripheral.obj (.text:SimpleBLEPeripheral_clockHandler)
                  0000b778    00000018     UARTCC26XX.obj (.text:UARTCC26XX_init)
                  0000b790    00000018     UART.obj (.text:UART_Params_init)
                  0000b7a8    00000018     drivers_cc26xxware.aem3 : PowerCC26XX.oem3 (.text:configureRFCoreClocks)
                  0000b7c0    00000018     peripheral.obj (.text:gapRole_setEvent)
                  0000b7d8    00000018     rtsv7M3_T_le_eabi.lib : args_main.obj (.text)
                  0000b7f0    00000018                           : ll_mul_t2.obj (.text)
                  0000b808    00000018     RFCC26XX_singleMode.obj (.text:swiFxnFsm)
                  0000b820    00000018     Phyn_BLE_pem3.oem3 (.text:ti_sysbios_BIOS_rtsUnlock__I)
                  0000b838    00000008     (.tramp.ti_sysbios_BIOS_RtsGateProxy_leave__E.1)
                  0000b840    00000018     rom_sysbios.aem3 : rom_sysbios.obj (.text:ti_sysbios_knl_Swi_or__E)
                  0000b858    00000018     Phyn_BLE_pem3.oem3 (.text:ti_sysbios_rom_cortexm_cc26xx_CC26xx_checkRevision__E)
                  0000b870    00000016     icall.obj (.text:ICall_leaveCSImpl)
                  0000b886    00000016     icall.obj (.text:ICall_primStopTimer)
                  0000b89c    00000016     ble_user_config.obj (.text:driverTable_fnSpinlock)
                  0000b8b2    00000016     TRNGCC26XX.obj (.text:openTRNG)
                  0000b8c8    00000016     rtsv7M3_T_le_eabi.lib : strchr.obj (.text)
                  0000b8de    00000016                           : strcpy.obj (.text)
                  0000b8f4    00000016     Phyn_BLE_pem3.oem3 (.text:ti_sysbios_BIOS_exitFunc__I)
                  0000b90a    00000002     --HOLE-- [fill = 0]
                  0000b90c    00000014     driverlib.lib : aon_rtc.obj (.text:NOROM_AONRTCCurrent64BitValueGet)
                  0000b920    00000014                   : chipinfo.obj (.text:NOROM_ThisCodeIsBuiltForCC26xxHwRev22AndLater_HaltIfViolated)
                  0000b934    00000014     RFCC26XX_singleMode.obj (.text:RF_Params_init)
                  0000b948    00000014     ble_user_config.obj (.text:RegisterAssertCback)
                  0000b95c    00000014     PhynUart.obj (.text:UART_Bytes_Read)
                  0000b970    00000014     rcosc_calibration.obj (.text:rcosc_injectCalibrationClockHandler)
                  0000b984    00000014     rtsv7M3_T_le_eabi.lib : _lock.obj (.text)
                  0000b998    00000014                           : strlen.obj (.text)
                  0000b9ac    00000014     icall_api.obj (.text:setICallCmdEvtHdr)
                  0000b9c0    00000014     Phyn_BLE_pem3.oem3 (.text:ti_sysbios_knl_Clock_doTick__I)
                  0000b9d4    00000008     (.tramp.ti_sysbios_knl_Clock_logTick__E.1)
                  0000b9dc    00000012     RFCC26XX_singleMode.obj (.text:RF_getCmdOp)
                  0000b9ee    00000012     Phyn_BLE_pem3.oem3 (.text:xdc_runtime_Startup_exec__I)
                  0000ba00    00000008     (.tramp.xdc_runtime_Startup_startMods__I.1)
                  0000ba08    00000010     PWD_Util.obj (.text:BLE_ClearEvents)
                  0000ba18    00000010     RFCC26XX_singleMode.obj (.text:FsmDispatch)
                  0000ba28    00000010     icall_api.obj (.text:GAP_EndDiscoverable)
                  0000ba38    00000010     icall_api.obj (.text:GAP_UpdateLinkParamReq)
                  0000ba48    00000010     icall_api.obj (.text:GAP_UpdateLinkParamReqReply)
                  0000ba58    00000010     gattservapp_util.obj (.text:GATTServApp_ReadCharCfg)
                  0000ba68    00000010     icall_api.obj (.text:HCI_LE_ReadMaxDataLenCmd)
                  0000ba78    00000010     icall_cc2650.obj (.text:ICallPlatform_pwrGetXOSCStartupTime)
                  0000ba88    00000010     icall.obj (.text:ICall_primGetTickPeriod)
                  0000ba98    00000010     icall.obj (.text:ICall_taskEntry)
                  0000baa8    00000010     driverlib.lib : rfc.obj (.text:NOROM_RFCRfTrimSet)
                  0000bab8    00000010                   : setup.obj (.text:NOROM_SetupGetTrimForXoscHfFastStart)
                  0000bac8    00000010                   : setup.obj (.text:NOROM_SetupGetTrimForXoscHfIbiastherm)
                  0000bad8    00000010     util.obj (.text:Util_isActive)
                  0000bae8    00000010     rom_sysbios.aem3 : rom_sysbios.obj (.text:ti_sysbios_family_arm_m3_Hwi_post__E)
                  0000baf8    00000010     UARTCC26XX.obj (.text:uartPostNotify)
                  0000bb08    0000000e     icall_cc2650.obj (.text:ICallPlatform_pwrGetTransitionState)
                  0000bb16    0000000e     icall_cc2650.obj (.text:ICallPlatform_pwrIsStableXOSCHF)
                  0000bb24    0000000e     icall.obj (.text:ICall_primDisableMInt)
                  0000bb32    0000000e     icall.obj (.text:ICall_primEnableMInt)
                  0000bb40    00000008     (.tramp.ti_sysbios_family_arm_m3_Hwi_enableFxn__E.1)
                  0000bb48    00000008     (.tramp.ti_sysbios_knl_Task_enable__E.1)
                  0000bb50    0000000e     icall.obj (.text:ICall_primFreeMsg)
                  0000bb5e    0000000e     icall.obj (.text:ICall_primGetTicks)
                  0000bb6c    0000000e     driverlib.lib : setup.obj (.text:NOROM_SetupSignExtendVddrTrimValue)
                  0000bb7a    0000000e                   : vims.obj (.text:NOROM_VIMSModeGet)
                  0000bb88    0000000e     util.obj (.text:Util_constructQueue)
                  0000bb96    00000002     --HOLE-- [fill = 0]
                  0000bb98    00000008     (.tramp.ti_sysbios_knl_Queue_construct.1)
                  0000bba0    0000000e     rtsv7M3_T_le_eabi.lib : copy_decompress_none.obj (.text:decompress:none)
                  0000bbae    0000000e     icall_api.obj (.text:matchGSARegisterServiceCS)
                  0000bbbc    0000000e     icall_api.obj (.text:matchGapLinkEstCS)
                  0000bbca    0000000e     icall_api.obj (.text:matchGattSendRspCS)
                  0000bbd8    0000000e     icall_api.obj (.text:matchLinkDBGetInfoCS)
                  0000bbe6    0000000e     icall_api.obj (.text:matchLinkDBNumActiveCS)
                  0000bbf4    0000000e     icall_api.obj (.text:matchLinkDBNumConnsCS)
                  0000bc02    0000000e     icall_api.obj (.text:setDispatchCmdEvtHdr)
                  0000bc10    0000000e     rom_sysbios.aem3 : rom_sysbios.obj (.text:ti_sysbios_family_arm_cc26xx_TimestampProvider_get32__E)
                  0000bc1e    00000002     --HOLE-- [fill = 0]
                  0000bc20    0000000c     RFCC26XX_singleMode.obj (.text:FsmNextState)
                  0000bc2c    0000000c     icall_api.obj (.text:GAP_MakeDiscoverable)
                  0000bc38    0000000c     icall_api.obj (.text:GAP_TerminateAuth)
                  0000bc44    0000000c     icall.obj (.text:ICall_clockFunc)
                  0000bc50    0000000c     icall.obj (.text:ICall_primDisableInt)
                  0000bc5c    00000008     (.tramp.ti_sysbios_hal_Hwi_disableInterrupt__E.1)
                  0000bc64    0000000c     icall.obj (.text:ICall_primEnableInt)
                  0000bc70    00000008     (.tramp.ti_sysbios_hal_Hwi_enableInterrupt__E.1)
                  0000bc78    0000000c     icall.obj (.text:ICall_primFree)
                  0000bc84    0000000c     icall.obj (.text:ICall_primSignal)
                  0000bc90    0000000c     driverlib.lib : cpu.obj (.text:NOROM_CPUcpsid)
                  0000bc9c    0000000c                   : cpu.obj (.text:NOROM_CPUcpsie)
                  0000bca8    0000000c     PhynUart.obj (.text:PWD_New_Gap_State)
                  0000bcb4    0000000c     drivers_cc26xxware.aem3 : PowerCC26XX.oem3 (.text:Power_getConstraintMask)
                  0000bcc0    0000000c                             : PowerCC26XX.oem3 (.text:Power_getDependencyCount)
                  0000bccc    0000000c                             : PowerCC26XX.oem3 (.text:Power_getTransitionState)
                  0000bcd8    0000000c     PhynUart.obj (.text:UART_Read_Is_Finished)
                  0000bce4    0000000c     PhynUart.obj (.text:UART_Write_Is_Finished)
                  0000bcf0    0000000c     PhynUart.obj (.text:Uart_Tx_Callback)
                  0000bcfc    0000000c     rtsv7M3_T_le_eabi.lib : copy_zero_init.obj (.text:decompress:ZI)
                  0000bd08    0000000c     rom_sysbios.aem3 : rom_sysbios.obj (.text:ti_sysbios_BIOS_getThreadType__E)
                  0000bd14    0000000c                      : rom_sysbios_config.obj (.text:ti_sysbios_hal_Hwi_Params__init__S)
                  0000bd20    00000008     (.tramp.xdc_runtime_Core_assignParams__I.1)
                  0000bd28    0000000c                      : rom_sysbios.obj (.text:ti_sysbios_knl_Swi_getTrigger__E)
                  0000bd34    0000000c     Phyn_BLE_pem3.oem3 (.text:xdc_runtime_Startup_reset__I)
                  0000bd40    0000000c     rom_sysbios.aem3 : rom_sysbios.obj (.text:xdc_runtime_Startup_rtsDone__E)
                  0000bd4c    0000000a     icall_cc2650.obj (.text:ICallPlatform_pwrSwitchXOSCHF)
                  0000bd56    0000000a     icall.obj (.text:ICall_primE2S)
                  0000bd60    0000000a     drivers_cc26xxware.aem3 : List.oem3 (.text:List_empty)
                  0000bd6a    0000000a     driverlib.lib : vims.obj (.text:NOROM_VIMSModeSet)
                  0000bd74    0000000a     UART.obj (.text:UART_control)
                  0000bd7e    0000000a     UART.obj (.text:UART_write)
                  0000bd88    00000008     icall_api.obj (.text:GAP_RegisterForMsgs)
                  0000bd90    00000008     icall_api.obj (.text:GATT_RegisterForMsgs)
                  0000bd98    00000008     RFCC26XX_singleMode.obj (.text:RF_flushCmd)
                  0000bda0    00000008     simple_peripheral.obj (.text:SimpleBLEPeripheral_stateChangeCB)
                  0000bda8    00000008     icall_api.obj (.text:matchHciExtConnEventNoticeCS)
                  0000bdb0    00000008     icall_api.obj (.text:matchHciExtSetScaCS)
                  0000bdb8    00000008     icall_api.obj (.text:matchHciLeReadMaxDataLenCS)
                  0000bdc0    00000008     icall_api.obj (.text:matchHciReadRssiCS)
                  0000bdc8    00000008     UARTCC26XX.obj (.text:readSemCallback)
                  0000bdd0    00000008     rtsv7M3_T_le_eabi.lib : s_copysign.obj (.text)
                  0000bdd8    00000008     UARTCC26XX.obj (.text:writeSemCallback)
                  0000bde0    00000006     icall.obj (.text:ICall_mallocImpl)
                  0000bde6    00000006     UARTCC26XX.obj (.text:UARTCC26XX_readPolling)
                  0000bdec    00000006     UARTCC26XX.obj (.text:UARTCC26XX_writePolling)
                  0000bdf2    00000006     RFCC26XX_singleMode.obj (.text:clkInactivityFxn)
                  0000bdf8    00000006     icall_api.obj (.text:matchBondMgrSetParamCS)
                  0000bdfe    00000006     icall_api.obj (.text:matchGapConnParamUpdateReplyCS)
                  0000be04    00000006     icall_api.obj (.text:matchGapDeviceInitCS)
                  0000be0a    00000006     icall_api.obj (.text:matchGapEndDiscoverableCS)
                  0000be10    00000006     icall_api.obj (.text:matchGapGetParamCS)
                  0000be16    00000006     icall_api.obj (.text:matchGapMakeDiscoverableCS)
                  0000be1c    00000006     icall_api.obj (.text:matchGapSetParamCS)
                  0000be22    00000006     icall_api.obj (.text:matchGapTerminateAuthCS)
                  0000be28    00000006     icall_api.obj (.text:matchGapTerminateLinkReqCS)
                  0000be2e    00000006     icall_api.obj (.text:matchGapUpdateAdvDataCS)
                  0000be34    00000006     icall_api.obj (.text:matchGapUpdateLinkParamReqCS)
                  0000be3a    00000006     icall_api.obj (.text:matchUtilNvReadCS)
                  0000be40    00000006     icall_api.obj (.text:matchUtilNvWriteCS)
                  0000be46    00000006     rom_sysbios.aem3 : rom_sysbios.obj (.text:ti_sysbios_family_arm_m3_Hwi_setFunc__E)
                  0000be4c    00000004     tirtosport.aem3 : HwiP_tirtos.oem3 (.text:HwiP_disable)
                  0000be50    00000004     icall.obj (.text:ICall_primAbort)
                  0000be54    00000004     drivers_cc26xxware.aem3 : List.oem3 (.text:List_head)
                  0000be58    00000004                             : List.oem3 (.text:List_next)
                  0000be5c    00000004     RFCC26XX_singleMode.obj (.text:Q_peek)
                  0000be60    00000004     util.obj (.text:Util_startClock)
                  0000be64    00000004     util.obj (.text:Util_stopClock)
                  0000be68    00000004     drivers_cc26xxware.aem3 : PowerCC26XX.oem3 (.text:nopResourceHandler)
                  0000be6c    00000004     rom_sysbios.aem3 : rom_sysbios.obj (.text:ti_sysbios_family_arm_cc26xx_Timer_getCount64__E)
                  0000be70    00000004                      : rom_sysbios.obj (.text:ti_sysbios_knl_Clock_isActive__E)
                  0000be74    00000008     (.tramp.ti_sysbios_knl_Task_startup__E.1)
                  0000be7c    00000008     (.tramp.ti_sysbios_knl_Swi_startup__E.1)
                  0000be84    00000008     (.tramp.ti_sysbios_hal_Hwi_startup__E.1)
                  0000be8c    00000008     (.tramp.ti_sysbios_family_arm_cc26xx_Timer_startup__E.1)
                  0000be94    00000008     (.tramp.xdc_runtime_System_atexit__E.1)
                  0000be9c    00000008     (.tramp.ti_sysbios_BIOS_setThreadType__E.1)
                  0000bea4    00000008     (.tramp.ti_sysbios_knl_Queue_put__E.1)
                  0000beac    00000008     (.tramp.ti_sysbios_hal_Hwi_create.1)
                  0000beb4    00000008     (.tramp.xdc_runtime_System_exit__E.1)
                  0000bebc    00000008     (.tramp.ti_sysbios_knl_Task_construct.1)
                  0000bec4    00000008     (.tramp.ti_sysbios_knl_Clock_destruct.1)
                  0000becc    00000008     (.tramp.ti_sysbios_knl_Semaphore_destruct.1)
                  0000bed4    00000008     (.tramp.ti_sysbios_knl_Swi_destruct.1)
                  0000bedc    00000008     (.tramp.ti_sysbios_family_arm_m3_Hwi_destruct.1)
                  0000bee4    00000008     (.tramp.ti_sysbios_knl_Task_create.1)
                  0000beec    00000008     (.tramp.ti_sysbios_knl_Task_Params__init__S.1)
                  0000bef4    00000008     (.tramp.ti_sysbios_knl_Clock_scheduleNextTick__E.1)
                  0000befc    00000008     (.tramp.ti_sysbios_knl_Clock_walkQueueDynamic__E.1)
                  0000bf04    00000008     (.tramp.ti_sysbios_knl_Clock_TimerProxy_getCurrentTick__E.1)
                  0000bf0c    00000008     (.tramp.ti_sysbios_knl_Clock_create.1)
                  0000bf14    00000008     (.tramp.ti_sysbios_knl_Semaphore_create.1)
                  0000bf1c    00000008     (.tramp.ti_sysbios_BIOS_getCpuFreq__E.1)
                  0000bf24    00000008     (.tramp.ti_sysbios_family_arm_m3_Hwi_enableInterrupt__E.1)
                  0000bf2c    00000008     (.tramp.ti_sysbios_knl_Semaphore_post__E.1)
                  0000bf34    00000008     (.tramp.ti_sysbios_knl_Clock_getTicks__E.1)
                  0000bf3c    00000008     (.tramp.ti_sysbios_knl_Task_self__E.1)
                  0000bf44    00000008     (.tramp.ti_sysbios_knl_Semaphore_pend__E.1)
                  0000bf4c    00000008     (.tramp.ti_sysbios_knl_Swi_post__E.1)
                  0000bf54    00000008     (.tramp.ti_sysbios_knl_Clock_construct.1)
                  0000bf5c    00000008     (.tramp.ti_sysbios_knl_Clock_Params__init__S.1)
                  0000bf64    00000008     (.tramp.xdc_runtime_System_abortSpin__E.1)
                  0000bf6c    00000008     (.tramp.ti_sysbios_knl_Queue_empty__E.1)
                  0000bf74    00000008     (.tramp.ti_sysbios_knl_Swi_construct.1)
                  0000bf7c    00000008     (.tramp.ti_sysbios_knl_Swi_Params__init__S.1)
                  0000bf84    00000008     (.tramp.ti_sysbios_family_arm_m3_Hwi_construct.1)
                  0000bf8c    00000008     (.tramp.ti_sysbios_family_arm_m3_Hwi_Params__init__S.1)
                  0000bf94    00000008     (.tramp.ti_sysbios_knl_Semaphore_construct.1)
                  0000bf9c    00000008     (.tramp.ti_sysbios_knl_Semaphore_Params__init__S.1)
                  0000bfa4    00000008     (.tramp.ti_sysbios_knl_Task_restore__E.1)
                  0000bfac    00000008     (.tramp.ti_sysbios_knl_Swi_restore__E.1)
                  0000bfb4    00000008     (.tramp.ti_sysbios_knl_Swi_disable__E.1)
                  0000bfbc    00000008     (.tramp.ti_sysbios_knl_Task_disable__E.1)
                  0000bfc4    00000008     (.tramp.ti_sysbios_BIOS_start__E.1)
                  0000bfcc    00000008     (.tramp.ti_sysbios_knl_Clock_start__E.1)
                  0000bfd4    00000008     (.tramp.ti_sysbios_knl_Clock_setTimeout__E.1)
                  0000bfdc    00000008     (.tramp.ti_sysbios_family_arm_m3_Hwi_restoreFxn__E.1)
                  0000bfe4    00000008     (.tramp.ti_sysbios_family_arm_m3_Hwi_disableFxn__E.1)

.const     0    0000bfec    000004d6     
                  0000bfec    00000101     rtsv7M3_T_le_eabi.lib : ctype.obj (.const:.string:_ctypes_)
                  0000c0ed    00000002     PhynGatt.obj (.const:.string:APV_UUID)
                  0000c0ef    00000001     Phyn_BLE_pem3.oem3 (.const:xdc_runtime_Text_charTab__A)
                  0000c0f0    000000b4     icall.obj (.const:ICall_primSvcFuncs)
                  0000c1a4    0000004c     drivers_cc26xxware.aem3 : PowerCC26XX.oem3 (.const:resourceDB)
                  0000c1f0    0000004c     ble_user_config.obj (.const:rfDriverTable)
                  0000c23c    00000048     Phyn_BLE_pem3.oem3 (.const:.string)
                  0000c284    00000040     main.obj (.const:.string:$P$T0$1)
                  0000c2c4    00000028     UARTCC26XX.obj (.const:UARTCC26XX_fxnTable)
                  0000c2ec    00000024     UART.obj (.const:UART_defaultParams)
                  0000c310    00000024     Phyn_BLE_pem3.oem3 (.const:xdc_runtime_Startup_sfxnTab__A)
                  0000c334    0000001e     ble_user_config.obj (.const:txPowerTable)
                  0000c352    00000002     PhynGatt.obj (.const:.string:CCD_UUID)
                  0000c354    00000018     PWD_Board.obj (.const:UART_config)
                  0000c36c    00000018     PWD_Board.obj (.const:uartCC26XXHWAttrs)
                  0000c384    00000014     UARTCC26XX.obj (.const:$P$T0$1)
                  0000c398    00000014     PWD_Board.obj (.const:BoardGpioInitTable)
                  0000c3ac    00000014     RFCC26XX_singleMode.obj (.const:RF_defaultParams)
                  0000c3c0    00000014     UARTCC26XX.obj (.const:parityType)
                  0000c3d4    00000012     Phyn_BLE_pem3.oem3 (.const:xdc_runtime_Startup_sfxnRts__A)
                  0000c3e6    00000002     PhynGatt.obj (.const:.string:CLA_UUID)
                  0000c3e8    00000010     PWD_Board.obj (.const:PowerCC26XX_config)
                  0000c3f8    00000010     PWD_Board.obj (.const:TRNGCC26XX_config)
                  0000c408    00000010     UARTCC26XX.obj (.const:dataLength)
                  0000c418    0000000e     PhynSerial.obj (.const:.string:sNotConnected)
                  0000c426    00000002     PhynGatt.obj (.const:.string:CLE_UUID)
                  0000c428    0000000c     icall.obj (.const:ICall_taskEntryFuncs)
                  0000c434    0000000c     PhynGatt.obj (.const:PhynRdWrCBs)
                  0000c440    0000000c     ble_user_config.obj (.const:trngDriverTable)
                  0000c44c    0000000c     Phyn_BLE_pem3.oem3 (.const:xdc_runtime_Startup_firstFxns__A)
                  0000c458    00000008     PWD_Board.obj (.const:PINCC26XX_hwAttrs)
                  0000c460    00000008     PhynGatt.obj (.const:PhynProfileService)
                  0000c468    00000008     UARTCC26XX.obj (.const:stopBits)
                  0000c470    00000006     ble_user_config.obj (.const:txPwrTbl)
                  0000c476    00000004     PhynGatt.obj (.const:.string:$P$T0$1)
                  0000c47a    00000002     PhynGatt.obj (.const:.string:CLID_UUID)
                  0000c47c    00000004     icall.obj (.const:ICall_threadPriorities)
                  0000c480    00000004     icall.obj (.const:ICall_threadStackSizes)
                  0000c484    00000004     PWD_Board.obj (.const:RFCC26XX_hwAttrs)
                  0000c488    00000004     PWD_Board.obj (.const:TRNGCC26XXHWAttrs)
                  0000c48c    00000004     icall_cc2650.obj (.const:events$1)
                  0000c490    00000004     icall.obj (.const:icall_threadEntries)
                  0000c494    00000004     Phyn_BLE_pem3.oem3 (.const:ti_sysbios_knl_Clock_tickPeriod__C)
                  0000c498    00000004     Phyn_BLE_pem3.oem3 (.const:ti_sysbios_knl_Clock_triggerClock__C)
                  0000c49c    00000004     Phyn_BLE_pem3.oem3 (.const:ti_sysbios_knl_Idle_funcList__A)
                  0000c4a0    00000002     PhynGatt.obj (.const:.string:CLS_UUID)
                  0000c4a2    00000002     PhynGatt.obj (.const:.string:CMD_UUID)
                  0000c4a4    00000002     PhynGatt.obj (.const:.string:FWV_UUID)
                  0000c4a6    00000002     PhynGatt.obj (.const:.string:Msg_From_App_UUID)
                  0000c4a8    00000002     PhynGatt.obj (.const:.string:Msg_To_App_Counter_UUID)
                  0000c4aa    00000002     PhynGatt.obj (.const:.string:Msg_To_App_UUID)
                  0000c4ac    00000002     PhynGatt.obj (.const:.string:PPH_UUID)
                  0000c4ae    00000002     PhynGatt.obj (.const:.string:PhynProfileUUID)
                  0000c4b0    00000002     PhynGatt.obj (.const:.string:SRC_UUID)
                  0000c4b2    00000002     PhynGatt.obj (.const:.string:SRD_UUID)
                  0000c4b4    00000002     PhynGatt.obj (.const:.string:SSID_UUID)
                  0000c4b6    00000002     PhynGatt.obj (.const:.string:SSN_UUID)
                  0000c4b8    00000002     PhynGatt.obj (.const:.string:STA_UUID)
                  0000c4ba    00000002     PhynGatt.obj (.const:.string:TZN_UUID)
                  0000c4bc    00000002     gatt_uuid.obj (.const:.string:charUserDescUUID)
                  0000c4be    00000002     gatt_uuid.obj (.const:.string:characterUUID)
                  0000c4c0    00000002     gatt_uuid.obj (.const:.string:primaryServiceUUID)

.cinit     0    0000c4c8    000004b8     
                  0000c4c8    0000036c     (.cinit..data.load) [load image, compression = lzss]
                  0000c834    0000002b     (.cinit..data:ti_sysbios_family_arm_m3_Hwi_Module__state__V.load) [load image, compression = lzss]
                  0000c85f    00000021     (.cinit..data:ti_sysbios_knl_Task_Module__state__V.load) [load image, compression = lzss]
                  0000c880    0000001f     (.cinit..data:ti_sysbios_BIOS_Module__state__V.load) [load image, compression = lzss]
                  0000c89f    0000001e     (.cinit..data:ti_sysbios_knl_Clock_Module__state__V.load) [load image, compression = lzss]
                  0000c8bd    0000000e     (.cinit..data:ti_sysbios_knl_Swi_Module__state__V.load) [load image, compression = lzss]
                  0000c8cb    00000001     --HOLE-- [fill = 0]
                  0000c8cc    0000000c     (__TI_handler_table)
                  0000c8d8    0000000b     (.cinit..data:ti_sysbios_family_arm_cc26xx_Timer_Module__state__V.load) [load image, compression = lzss]
                  0000c8e3    00000005     --HOLE-- [fill = 0]
                  0000c8e8    00000008     (.cinit..bss.load) [load image, compression = zero_init]
                  0000c8f0    00000008     (.cinit..data:xdc_runtime_Memory_Module__state__V.load) [load image, compression = lzss]
                  0000c8f8    00000008     (.cinit..vtable_ram.load) [load image, compression = zero_init]
                  0000c900    00000007     (.cinit..data:ti_sysbios_family_arm_cc26xx_TimestampProvider_Module__state__V.load) [load image, compression = lzss]
                  0000c907    00000007     (.cinit..data:xdc_runtime_Startup_Module__state__V.load) [load image, compression = lzss]
                  0000c90e    00000007     (.cinit..data:xdc_runtime_System_Module__state__V.load) [load image, compression = lzss]
                  0000c915    00000003     --HOLE-- [fill = 0]
                  0000c918    00000068     (__TI_cinit_table)

.init_array 
*          0    00000000    00000000     UNINITIALIZED

.resetVecs 
*          0    00000000    0000003c     
                  00000000    0000003c     Phyn_BLE_pem3.oem3 (.resetVecs)

.const:ti_sysbios_knl_Task_Object__PARAMS__C 
*          0    00000100    0000003c     
                  00000100    0000003c     Phyn_BLE_pem3.oem3 (.const:ti_sysbios_knl_Task_Object__PARAMS__C)

.const:ti_sysbios_knl_Mailbox_Object__PARAMS__C 
*          0    0000013c    00000034     
                  0000013c    00000034     Phyn_BLE_pem3.oem3 (.const:ti_sysbios_knl_Mailbox_Object__PARAMS__C)

.const:ti_sysbios_family_arm_m3_Hwi_Object__PARAMS__C 
*          0    00000170    00000030     
                  00000170    00000030     Phyn_BLE_pem3.oem3 (.const:ti_sysbios_family_arm_m3_Hwi_Object__PARAMS__C)

.const:ti_sysbios_hal_Hwi_Object__PARAMS__C 
*          0    000001a0    0000002c     
                  000001a0    0000002c     Phyn_BLE_pem3.oem3 (.const:ti_sysbios_hal_Hwi_Object__PARAMS__C)

.const:ti_sysbios_heaps_HeapMem_Module__FXNS__C 
*          0    000001cc    00000028     
                  000001cc    00000028     Phyn_BLE_pem3.oem3 (.const:ti_sysbios_heaps_HeapMem_Module__FXNS__C)

.const:ti_sysbios_knl_Swi_Object__PARAMS__C 
*          0    000001f4    00000028     
                  000001f4    00000028     Phyn_BLE_pem3.oem3 (.const:ti_sysbios_knl_Swi_Object__PARAMS__C)

.const:ti_sysbios_gates_GateHwi_Module__FXNS__C 
*          0    0000021c    00000024     
                  0000021c    00000024     Phyn_BLE_pem3.oem3 (.const:ti_sysbios_gates_GateHwi_Module__FXNS__C)

.const:ti_sysbios_gates_GateMutex_Module__FXNS__C 
*          0    00000240    00000024     
                  00000240    00000024     Phyn_BLE_pem3.oem3 (.const:ti_sysbios_gates_GateMutex_Module__FXNS__C)

.const:ti_sysbios_heaps_HeapMem_Object__PARAMS__C 
*          0    00000264    00000024     
                  00000264    00000024     Phyn_BLE_pem3.oem3 (.const:ti_sysbios_heaps_HeapMem_Object__PARAMS__C)

.const:ti_sysbios_knl_Clock_Object__PARAMS__C 
*          0    00000288    00000024     
                  00000288    00000024     Phyn_BLE_pem3.oem3 (.const:ti_sysbios_knl_Clock_Object__PARAMS__C)

.const:ti_sysbios_knl_Semaphore_Object__PARAMS__C 
*          0    000002ac    00000024     
                  000002ac    00000024     Phyn_BLE_pem3.oem3 (.const:ti_sysbios_knl_Semaphore_Object__PARAMS__C)

.const:ti_sysbios_family_arm_m3_Hwi_Object__DESC__C 
*          0    000002d0    00000020     
                  000002d0    00000020     Phyn_BLE_pem3.oem3 (.const:ti_sysbios_family_arm_m3_Hwi_Object__DESC__C)

.const:ti_sysbios_gates_GateHwi_Object__DESC__C 
*          0    000002f0    00000020     
                  000002f0    00000020     Phyn_BLE_pem3.oem3 (.const:ti_sysbios_gates_GateHwi_Object__DESC__C)

.const:ti_sysbios_gates_GateMutex_Object__DESC__C 
*          0    00000310    00000020     
                  00000310    00000020     Phyn_BLE_pem3.oem3 (.const:ti_sysbios_gates_GateMutex_Object__DESC__C)

.const:ti_sysbios_hal_Hwi_Object__DESC__C 
*          0    00000330    00000020     
                  00000330    00000020     Phyn_BLE_pem3.oem3 (.const:ti_sysbios_hal_Hwi_Object__DESC__C)

.const:ti_sysbios_heaps_HeapMem_Object__DESC__C 
*          0    00000350    00000020     
                  00000350    00000020     Phyn_BLE_pem3.oem3 (.const:ti_sysbios_heaps_HeapMem_Object__DESC__C)

[...]
20000590  PowerCC26XX_module                                                        
200006a0  sMsgFromApp                                                               
200007a8  sMsgToApp                                                                 
200008b0  rfRegTbl                                                                  
20000904  ti_sysbios_knl_Task_Object__table__V                                      
20000950  ti_sysbios_family_arm_cc26xx_Timer_Object__table__V                       
20000998  ti_sysbios_gates_GateMutex_Object__table__V                               
200009d0  bWatchdogNotRunning                                                       
200009d4  uATT_MTU                                                                  
200009e0  dispHandle                                                                
20000a00  ti_sysbios_knl_Swi_Module_State_0_readyQ__A                               
20000a30  ti_sysbios_knl_Swi_Object__table__V                                       
20000a60  ti_sysbios_knl_Task_Module_State_0_readyQ__A                              
20000a90  user0Cfg                                                                  
20000ac0  sCLA                                                                      
20000aeb  sCLID                                                                     
20000b14  uGapTaskStackUsedBytes                                                    
20000b18  fGapStackUsedPct                                                          
20000b1c  uGapTaskStackUsedPtr                                                      
20000b20  uAppTaskStackUsedBytes                                                    
20000b24  fAppStackUsedPct                                                          
20000b28  uAppTaskStackUsedPtr                                                      
20000b2c  uUartTaskStackUsedBytes                                                   
20000b30  fUartStackUsedPct                                                         
20000b34  uUartTaskStackUsedPtr                                                     
20000b3c  uPartialTxIdx                                                             
20000b40  uCharsLeft                                                                
20000b44  cMsgFromAppProps                                                          
20000b45  cMsgToAppCtrProps                                                         
20000b46  cMsgToAppProps                                                            
20000b47  cTZN_Props                                                                
20000b48  cCCD_Props                                                                
20000b49  cSSID_Props                                                               
20000b4a  cPPH_Props                                                                
20000b4b  cCLID_Props                                                               
20000b4c  cCLS_Props                                                                
20000b4d  cCLE_Props                                                                
20000b4e  cCLA_Props                                                                
20000b4f  cAPV_Props                                                                
20000b50  cCMD_Props                                                                
20000b51  cSTA_Props                                                                
20000b52  cFWV_Props                                                                
20000b53  cSSN_Props                                                                
20000b54  cSRD_Props                                                                
20000b55  cSR_Count                                                                 
20000b56  cSRC_Props                                                                
20000b58  bNewAppField                                                              
20000b64  sSR_Data                                                                  
20000b87  sCLS                                                                      
20000ba8  ti_sysbios_knl_Clock_Object__table__V                                     
20000c08  bUARTReadFinished                                                         
20000c0c  bUARTWriteFinished                                                        
20000c10  bUARTRxError                                                              
20000c14  bKA_Time                                                                  
20000c18  bSolicitedMsgPend                                                         
20000c1c  bUnsolicitedMsgPend                                                       
20000c20  bUnsolicitedMsgsOn                                                        
20000c40  ti_sysbios_family_arm_m3_Hwi_Object__table__V                             
20000c58  ti_sysbios_heaps_HeapMem_Object__table__V                                 
20000c70  sBLE_FW_Version                                                           
20000c82  ti_sysbios_family_arm_m3_Hwi_Module_State_0_excActive__A                  
20000c84  bCommandProcessed                                                         
20000c88  bAppMessageRead                                                           
20000c8c  bScanResultRead                                                           
20000c90  bIDSet                                                                    
20000ca0  __TI_cleanup_ptr                                                          
20000ca4  __TI_dtors_ptr                                                            
20000ca8  __TI_enable_exit_profile_output                                           
20000cac  ICall_enterCriticalSection                                                
20000cb0  ICall_leaveCriticalSection                                                
20000cb4  ICall_dispatcher                                                          
20000cb8  lastAppOpcodeSent                                                         
20000cbc  pfnBMAlloc                                                                
20000cc0  pfnBMFree                                                                 
20000cd7  sTZN_Desc                                                                 
20000ce0  _lock                                                                     
20000ce4  _unlock                                                                   
20000ce8  bTenConsecutiveZeros                                                      
20000cec  uConsecutiveZeroCounter                                                   
20000cf8  uTimer_Value                                                              
20000cfc  bHeartbeatEnable                                                          
20000d08  ti_sysbios_family_arm_m3_Hwi_Module__root__V                              
20000d10  ti_sysbios_gates_GateHwi_Module__root__V                                  
20000d18  ti_sysbios_gates_GateMutex_Module__root__V                                
20000d20  ti_sysbios_hal_Hwi_Module__root__V                                        
20000d28  ti_sysbios_heaps_HeapMem_Module__root__V                                  
20000d30  ti_sysbios_knl_Clock_Module__root__V                                      
20000d38  ti_sysbios_knl_Mailbox_Module__root__V                                    
20000d40  ti_sysbios_knl_Queue_Module__root__V                                      
20000d48  ti_sysbios_knl_Semaphore_Module__root__V                                  
20000d50  ti_sysbios_knl_Swi_Module__root__V                                        
20000d58  ti_sysbios_knl_Task_Module__root__V                                       
20000d68  halAssertCback                                                            
20000d6c  assertSubcause                                                            
20000d6d  legacyMode                                                                
20000d6f  sAPV                                                                      
20000d90  appAssertCback                                                            
20000d94  errno                                                                     
20000d98  main_func_sp                                                              
20000d9c  sCLE                                                                      
20000da0  ti_sysbios_family_arm_m3_Hwi_Module_State_0_excContext__A                 
20000da4  ti_sysbios_family_arm_m3_Hwi_Module_State_0_excStack__A                   
20000da8  ti_sysbios_knl_Task_Module_State_0_idleTask__A                            
20000db0  ti_sysbios_heaps_HeapMem_Instance_State_0_buf__A                          
20001430  UartTaskStack                                                             
200018e0  gapRoleTaskStack                                                          
20001d90  SerRxBuf                                                                  
20002190  sCommandLn                                                                
20002590  sbpTaskStack                                                              
20002978  uartCC26XXObjects                                                         
20002a8c  sSolicitedMsg                                                             
20002b94  sUnsolicitedMsg                                                           
20002da0  ti_sysbios_knl_Task_Instance_State_0_stack__A                             
20002ea0  sMsg                                                                      
20002fa0  ti_sysbios_family_arm_m3_Hwi_dispatchTable                                
20003068  PIN_HandleTable                                                           
200030e4  sAppUpdateMsg                                                             
2000314c  gapRoleTask                                                               
2000319c  sbpTask                                                                   
200031ec  zUartTaskStruct                                                           
20003284  sPPH                                                                      
200032c8  sTZN                                                                      
200034e8  sSSID                                                                     
2000350c  zMsgTimeoutClock                                                          
20003530  zUARTParams                                                               
200035b4  cGapMsgHist                                                               
200035d4  cStateLog                                                                 
200035f4  sNewAdv                                                                   
200036e8  injectCalibrationPowerNotifyObj                                           
2000371c  sSSN                                                                      
20003738  sFWV                                                                      
20003758  GapTaskHandle                                                             
2000375c  HEAPMGR_SIZE                                                              
20003760  PIN_NumPins                                                               
20003764  UARTsem                                                                   
20003768  bNewAppMsg                                                                
2000376c  bPartialMsgToAppInPrg                                                     
20003770  bRxTerm                                                                   
20003774  bStack100Pct                                                              
20003778  bStack75Pct                                                               
2000377c  bStack90Pct                                                               
20003780  bStack95Pct                                                               
20003784  cpCurrentUARTRxBuffer                                                     
20003788  fStackUsedPct                                                             
2000378c  hUARTHandle                                                               
20003790  sCCD                                                                      
20003794  trngCC26XXObjects                                                         
20003798  uAppCRC                                                                   
2000379c  uAppCRC1                                                                  
200037a0  uAppEventCounter                                                          
200037a4  uAppTaskCounter                                                           
200037a8  uBLEStackCRC                                                              
200037ac  uCPURev                                                                   
200037b0  uCodeCRC                                                                  
200037b4  uCurrentUARTReadSize                                                      
200037b8  uGapEventCounter                                                          
200037bc  uLastUartBytesRead                                                        
200037c0  uLowestWDValue                                                            
200037c4  uNVDCRC                                                                   
200037c8  uResetMask                                                                
200037cc  uStackSizeBytes                                                           
200037d0  uStackTopAddr                                                             
200037d4  uStackUsedBytes                                                           
200037d8  uUartEventCounter                                                         
200037dc  uUartTaskCounter                                                          
200037e0  uGapConnHandle                                                            
200037e2  UARTEntityID                                                              
200037e3  bClearEvents                                                              
200037e4  cCMD                                                                      
200037e5  cGapMsgHistCtr                                                            
200037e6  cMsgToAppCtr                                                              
200037e7  cSTA                                                                      
200037e8  cStateLogCtr                                                              
200037e9  driverlib_release_0_46593                                                 
200037ea  eGapState                                                                 
200037eb  linkDBNumConns                                                            
200037ec  rssi                                                                      
200037ed  uHCICount                                                                 
20003800  g_pfnRAMVectors                                                           
200038c8  heapStart                                                                 
20003e98  __stack                                                                   
20003e98  heapEnd                                                                   
20004348  __STACK_END                                                               
20004348  __STACK_TOP                                                               
20004f2c  A4_rw                                                                     
20004f2c  COMMON_RAM_BASE_ADDR                                                      
20004f40  P2_rw                                                                     
20004f40  P2_s0                                                                     
20004f40  eccRom_windowSize                                                         
20004f44  eccRom_workzone                                                           
20004f48  eccRom_param_p                                                            
20004f4c  eccRom_param_r                                                            
20004f50  eccRom_param_a                                                            
20004f54  inScalar                                                                  
20004f58  inPointX                                                                  
20004f5c  inPointY                                                                  
20004f60  outPointX                                                                 
20004f64  outPointY                                                                 
20004f68  SCAL                                                                      
20004f6c  EXPX                                                                      
20004f70  EXPY                                                                      
20004f74  EXPZ                                                                      
20004f78  EXPW                                                                      
20004f7c  ACCX                                                                      
20004f80  ACCY                                                                      
20004f84  ACCZ                                                                      
20004f88  TMP1                                                                      
20004f8c  TMP2                                                                      
20004f90  TMP3                                                                      
20004f94  TMP4                                                                      
20004f98  TMP5                                                                      
20004f9c  TMP6                                                                      
20004fa0  eccRom_param_Gx                                                           
20004fa4  eccRom_param_Gy                                                           
20004fa8  eccRom_param_b                                                            
20004fac  P2_zi                                                                     
20004fac  ratChanInfo                                                               
20004fcc  fwInfoCmd                                                                 
20004fd8  MSBMOD                                                                    
20004fdc  aux64                                                                     
20004fe4  MOD                                                                       
20004fe8  LEN                                                                       
20004ffc  pSspAesEncrypt_Sw                                                         
e000e000  ti_sysbios_family_arm_m3_Hwi_nvic                                         
ffffffff  __TI_pprof_out_hndl                                                       
ffffffff  __TI_prof_data_size                                                       
ffffffff  __TI_prof_data_start                                                      
ffffffff  __binit__                                                                 
ffffffff  __c_args__                                                                
ffffffff  binit                                                                     
UNDEFED   SHT$$INIT_ARRAY$$Base                                                     
UNDEFED   SHT$$INIT_ARRAY$$Limit                                                    

[1250 symbols]
